0 verbose cli /data/data/com.termux/files/usr/bin/node /data/data/com.termux/files/usr/bin/npm
1 info using npm@10.9.2
2 info using node@v22.15.1
3 silly config load:file:/data/data/com.termux/files/usr/lib/node_modules/npm/npmrc
4 silly config load:file:/data/data/com.termux/files/home/AigroQuantumSaaS/backend/.npmrc
5 silly config load:file:/data/data/com.termux/files/home/.npmrc
6 silly config load:file:/data/data/com.termux/files/usr/etc/npmrc
7 verbose title npm install jsonwebtoken bcryptjs
8 verbose argv "install" "jsonwebtoken" "bcryptjs"
9 verbose logfile logs-max:10 dir:/data/data/com.termux/files/home/.npm/_logs/2025-06-28T18_48_36_373Z-
10 verbose logfile /data/data/com.termux/files/home/.npm/_logs/2025-06-28T18_48_36_373Z-debug-0.log
11 silly logfile done cleaning log files
12 silly packumentCache heap:929824768 maxSize:232456192 maxEntrySize:116228096
13 silly idealTree buildDeps
14 silly fetch manifest jsonwebtoken@*
15 silly packumentCache full:https://registry.npmjs.org/jsonwebtoken cache-miss
16 http fetch GET 200 https://registry.npmjs.org/jsonwebtoken 438ms (cache miss)
17 silly packumentCache full:https://registry.npmjs.org/jsonwebtoken set size:undefined disposed:false
18 silly fetch manifest bcryptjs@*
19 silly packumentCache full:https://registry.npmjs.org/bcryptjs cache-miss
20 http fetch GET 200 https://registry.npmjs.org/bcryptjs 108ms (cache miss)
21 silly packumentCache full:https://registry.npmjs.org/bcryptjs set size:undefined disposed:false
22 silly placeDep ROOT bcryptjs@3.0.2 OK for: backend@1.0.0 want: *
23 silly placeDep ROOT jsonwebtoken@9.0.2 OK for: backend@1.0.0 want: *
24 silly fetch manifest ms@^2.1.1
25 silly packumentCache full:https://registry.npmjs.org/ms cache-miss
26 silly fetch manifest jws@^3.2.2
27 silly packumentCache full:https://registry.npmjs.org/jws cache-miss
28 silly fetch manifest semver@^7.5.4
29 silly packumentCache full:https://registry.npmjs.org/semver cache-miss
30 silly fetch manifest lodash.once@^4.0.0
31 silly packumentCache full:https://registry.npmjs.org/lodash.once cache-miss
32 silly fetch manifest lodash.includes@^4.3.0
33 silly packumentCache full:https://registry.npmjs.org/lodash.includes cache-miss
34 silly fetch manifest lodash.isnumber@^3.0.3
35 silly packumentCache full:https://registry.npmjs.org/lodash.isnumber cache-miss
36 silly fetch manifest lodash.isstring@^4.0.1
37 silly packumentCache full:https://registry.npmjs.org/lodash.isstring cache-miss
38 http cache https://registry.npmjs.org/ms 83ms (cache hit)
39 silly packumentCache full:https://registry.npmjs.org/ms set size:84883 disposed:false
40 silly fetch manifest lodash.isboolean@^3.0.3
41 silly packumentCache full:https://registry.npmjs.org/lodash.isboolean cache-miss
42 http fetch GET 200 https://registry.npmjs.org/jws 221ms (cache revalidated)
43 silly packumentCache full:https://registry.npmjs.org/jws set size:45532 disposed:false
44 silly fetch manifest lodash.isinteger@^4.0.4
45 silly packumentCache full:https://registry.npmjs.org/lodash.isinteger cache-miss
46 http fetch GET 200 https://registry.npmjs.org/lodash.isstring 241ms (cache miss)
47 silly packumentCache full:https://registry.npmjs.org/lodash.isstring set size:undefined disposed:false
48 silly fetch manifest lodash.isplainobject@^4.0.6
49 silly packumentCache full:https://registry.npmjs.org/lodash.isplainobject cache-miss
50 http fetch GET 200 https://registry.npmjs.org/semver 253ms (cache revalidated)
51 silly packumentCache full:https://registry.npmjs.org/semver set size:224186 disposed:false
52 http fetch GET 200 https://registry.npmjs.org/lodash.includes 262ms (cache miss)
53 silly packumentCache full:https://registry.npmjs.org/lodash.includes set size:undefined disposed:false
54 http fetch GET 200 https://registry.npmjs.org/lodash.isnumber 270ms (cache miss)
55 silly packumentCache full:https://registry.npmjs.org/lodash.isnumber set size:undefined disposed:false
56 http fetch GET 200 https://registry.npmjs.org/lodash.isboolean 191ms (cache miss)
57 silly packumentCache full:https://registry.npmjs.org/lodash.isboolean set size:undefined disposed:false
58 http fetch GET 200 https://registry.npmjs.org/lodash.isinteger 75ms (cache miss)
59 silly packumentCache full:https://registry.npmjs.org/lodash.isinteger set size:undefined disposed:false
60 http fetch GET 200 https://registry.npmjs.org/lodash.isplainobject 119ms (cache miss)
61 silly packumentCache full:https://registry.npmjs.org/lodash.isplainobject set size:undefined disposed:false
62 http fetch GET 200 https://registry.npmjs.org/lodash.once 711ms (cache miss)
63 silly packumentCache full:https://registry.npmjs.org/lodash.once set size:undefined disposed:false
64 silly placeDep ROOT jws@3.2.2 OK for: jsonwebtoken@9.0.2 want: ^3.2.2
65 silly placeDep ROOT lodash.includes@4.3.0 OK for: jsonwebtoken@9.0.2 want: ^4.3.0
66 silly placeDep ROOT lodash.isboolean@3.0.3 OK for: jsonwebtoken@9.0.2 want: ^3.0.3
67 silly placeDep ROOT lodash.isinteger@4.0.4 OK for: jsonwebtoken@9.0.2 want: ^4.0.4
68 silly placeDep ROOT lodash.isnumber@3.0.3 OK for: jsonwebtoken@9.0.2 want: ^3.0.3
69 silly placeDep ROOT lodash.isplainobject@4.0.6 OK for: jsonwebtoken@9.0.2 want: ^4.0.6
70 silly placeDep ROOT lodash.isstring@4.0.1 OK for: jsonwebtoken@9.0.2 want: ^4.0.1
71 silly placeDep ROOT lodash.once@4.1.1 OK for: jsonwebtoken@9.0.2 want: ^4.0.0
72 silly placeDep node_modules/jsonwebtoken ms@2.1.3 OK for: jsonwebtoken@9.0.2 want: ^2.1.1
73 silly placeDep ROOT semver@7.7.2 OK for: jsonwebtoken@9.0.2 want: ^7.5.4
74 silly fetch manifest jwa@^1.4.1
75 silly packumentCache full:https://registry.npmjs.org/jwa cache-miss
76 http fetch GET 200 https://registry.npmjs.org/jwa 146ms (cache revalidated)
77 silly packumentCache full:https://registry.npmjs.org/jwa set size:39956 disposed:false
78 silly placeDep ROOT jwa@1.4.2 OK for: jws@3.2.2 want: ^1.4.1
79 silly fetch manifest ecdsa-sig-formatter@1.0.11
80 silly packumentCache full:https://registry.npmjs.org/ecdsa-sig-formatter cache-miss
81 silly fetch manifest buffer-equal-constant-time@^1.0.1
82 silly packumentCache full:https://registry.npmjs.org/buffer-equal-constant-time cache-miss
83 http fetch GET 200 https://registry.npmjs.org/ecdsa-sig-formatter 92ms (cache revalidated)
84 silly packumentCache full:https://registry.npmjs.org/ecdsa-sig-formatter set size:23546 disposed:false
85 http fetch GET 200 https://registry.npmjs.org/buffer-equal-constant-time 97ms (cache revalidated)
86 silly packumentCache full:https://registry.npmjs.org/buffer-equal-constant-time set size:4390 disposed:false
87 silly placeDep ROOT buffer-equal-constant-time@1.0.1 OK for: jwa@1.4.2 want: ^1.0.1
88 silly placeDep ROOT ecdsa-sig-formatter@1.0.11 OK for: jwa@1.4.2 want: 1.0.11
89 silly reify moves {}
90 silly audit bulk request {
90 silly audit   '@mongodb-js/saslprep': [ '1.3.0' ],
90 silly audit   '@types/node': [ '24.0.7' ],
90 silly audit   '@types/webidl-conversions': [ '7.0.3' ],
90 silly audit   '@types/whatwg-url': [ '8.2.2' ],
90 silly audit   accepts: [ '1.3.8' ],
90 silly audit   'array-flatten': [ '1.1.1' ],
90 silly audit   'body-parser': [ '1.20.3' ],
90 silly audit   bson: [ '5.5.1' ],
90 silly audit   bytes: [ '3.1.2' ],
90 silly audit   'call-bind-apply-helpers': [ '1.0.2' ],
90 silly audit   'call-bound': [ '1.0.4' ],
90 silly audit   'content-disposition': [ '0.5.4' ],
90 silly audit   'content-type': [ '1.0.5' ],
90 silly audit   cookie: [ '0.7.1' ],
90 silly audit   'cookie-signature': [ '1.0.6' ],
90 silly audit   cors: [ '2.8.5' ],
90 silly audit   debug: [ '2.6.9', '4.4.1' ],
90 silly audit   depd: [ '2.0.0' ],
90 silly audit   destroy: [ '1.2.0' ],
90 silly audit   dotenv: [ '16.6.1' ],
90 silly audit   'dunder-proto': [ '1.0.1' ],
90 silly audit   'ee-first': [ '1.1.1' ],
90 silly audit   encodeurl: [ '2.0.0', '1.0.2' ],
90 silly audit   'es-define-property': [ '1.0.1' ],
90 silly audit   'es-errors': [ '1.3.0' ],
90 silly audit   'es-object-atoms': [ '1.1.1' ],
90 silly audit   'escape-html': [ '1.0.3' ],
90 silly audit   etag: [ '1.8.1' ],
90 silly audit   express: [ '4.21.2' ],
90 silly audit   finalhandler: [ '1.3.1' ],
90 silly audit   forwarded: [ '0.2.0' ],
90 silly audit   fresh: [ '0.5.2' ],
90 silly audit   'function-bind': [ '1.1.2' ],
90 silly audit   'get-intrinsic': [ '1.3.0' ],
90 silly audit   'get-proto': [ '1.0.1' ],
90 silly audit   gopd: [ '1.2.0' ],
90 silly audit   'has-symbols': [ '1.1.0' ],
90 silly audit   hasown: [ '2.0.2' ],
90 silly audit   'http-errors': [ '2.0.0' ],
90 silly audit   'iconv-lite': [ '0.4.24' ],
90 silly audit   inherits: [ '2.0.4' ],
90 silly audit   'ip-address': [ '9.0.5' ],
90 silly audit   'ipaddr.js': [ '1.9.1' ],
90 silly audit   jsbn: [ '1.1.0' ],
90 silly audit   kareem: [ '2.5.1' ],
90 silly audit   'math-intrinsics': [ '1.1.0' ],
90 silly audit   'media-typer': [ '0.3.0' ],
90 silly audit   'memory-pager': [ '1.5.0' ],
90 silly audit   'merge-descriptors': [ '1.0.3' ],
90 silly audit   methods: [ '1.1.2' ],
90 silly audit   mime: [ '1.6.0' ],
90 silly audit   'mime-db': [ '1.52.0' ],
90 silly audit   'mime-types': [ '2.1.35' ],
90 silly audit   mongodb: [ '5.9.2' ],
90 silly audit   'mongodb-connection-string-url': [ '2.6.0' ],
90 silly audit   mongoose: [ '7.8.7' ],
90 silly audit   ms: [ '2.1.3', '2.0.0' ],
90 silly audit   mpath: [ '0.9.0' ],
90 silly audit   mquery: [ '5.0.0' ],
90 silly audit   negotiator: [ '0.6.3' ],
90 silly audit   'object-assign': [ '4.1.1' ],
90 silly audit   'object-inspect': [ '1.13.4' ],
90 silly audit   'on-finished': [ '2.4.1' ],
90 silly audit   parseurl: [ '1.3.3' ],
90 silly audit   'path-to-regexp': [ '0.1.12' ],
90 silly audit   'proxy-addr': [ '2.0.7' ],
90 silly audit   punycode: [ '2.3.1' ],
90 silly audit   qs: [ '6.13.0' ],
90 silly audit   'range-parser': [ '1.2.1' ],
90 silly audit   'raw-body': [ '2.5.2' ],
90 silly audit   'safe-buffer': [ '5.2.1' ],
90 silly audit   'safer-buffer': [ '2.1.2' ],
90 silly audit   send: [ '0.19.0' ],
90 silly audit   'serve-static': [ '1.16.2' ],
90 silly audit   setprototypeof: [ '1.2.0' ],
90 silly audit   'side-channel': [ '1.1.0' ],
90 silly audit   'side-channel-list': [ '1.0.0' ],
90 silly audit   'side-channel-map': [ '1.0.1' ],
90 silly audit   'side-channel-weakmap': [ '1.0.2' ],
90 silly audit   sift: [ '16.0.1' ],
90 silly audit   'smart-buffer': [ '4.2.0' ],
90 silly audit   socks: [ '2.8.5' ],
90 silly audit   'sparse-bitfield': [ '3.0.3' ],
90 silly audit   'sprintf-js': [ '1.1.3' ],
90 silly audit   statuses: [ '2.0.1' ],
90 silly audit   toidentifier: [ '1.0.1' ],
90 silly audit   tr46: [ '3.0.0' ],
90 silly audit   'type-is': [ '1.6.18' ],
90 silly audit   'undici-types': [ '7.8.0' ],
90 silly audit   unpipe: [ '1.0.0' ],
90 silly audit   'utils-merge': [ '1.0.1' ],
90 silly audit   vary: [ '1.1.2' ],
90 silly audit   'webidl-conversions': [ '7.0.0' ],
90 silly audit   'whatwg-url': [ '11.0.0' ],
90 silly audit   bcryptjs: [ '3.0.2' ],
90 silly audit   jsonwebtoken: [ '9.0.2' ],
90 silly audit   jws: [ '3.2.2' ],
90 silly audit   'lodash.includes': [ '4.3.0' ],
90 silly audit   'lodash.isboolean': [ '3.0.3' ],
90 silly audit   'lodash.isinteger': [ '4.0.4' ],
90 silly audit   'lodash.isnumber': [ '3.0.3' ],
90 silly audit   'lodash.isplainobject': [ '4.0.6' ],
90 silly audit   'lodash.isstring': [ '4.0.1' ],
90 silly audit   'lodash.once': [ '4.1.1' ],
90 silly audit   semver: [ '7.7.2' ],
90 silly audit   jwa: [ '1.4.2' ],
90 silly audit   'buffer-equal-constant-time': [ '1.0.1' ],
90 silly audit   'ecdsa-sig-formatter': [ '1.0.11' ]
90 silly audit }
91 http cache ecdsa-sig-formatter@https://registry.npmjs.org/ecdsa-sig-formatter/-/ecdsa-sig-formatter-1.0.11.tgz 0ms (cache hit)
92 http cache buffer-equal-constant-time@https://registry.npmjs.org/buffer-equal-constant-time/-/buffer-equal-constant-time-1.0.1.tgz 0ms (cache hit)
93 http cache jwa@https://registry.npmjs.org/jwa/-/jwa-1.4.2.tgz 0ms (cache hit)
94 http cache lodash.once@https://registry.npmjs.org/lodash.once/-/lodash.once-4.1.1.tgz 0ms (cache hit)
95 http cache lodash.isstring@https://registry.npmjs.org/lodash.isstring/-/lodash.isstring-4.0.1.tgz 0ms (cache hit)
96 http cache lodash.isnumber@https://registry.npmjs.org/lodash.isnumber/-/lodash.isnumber-3.0.3.tgz 1ms (cache hit)
97 http cache lodash.isinteger@https://registry.npmjs.org/lodash.isinteger/-/lodash.isinteger-4.0.4.tgz 0ms (cache hit)
98 http cache lodash.isboolean@https://registry.npmjs.org/lodash.isboolean/-/lodash.isboolean-3.0.3.tgz 0ms (cache hit)
99 http cache lodash.includes@https://registry.npmjs.org/lodash.includes/-/lodash.includes-4.3.0.tgz 0ms (cache hit)
100 http cache jws@https://registry.npmjs.org/jws/-/jws-3.2.2.tgz 0ms (cache hit)
101 http cache lodash.isplainobject@https://registry.npmjs.org/lodash.isplainobject/-/lodash.isplainobject-4.0.6.tgz 0ms (cache hit)
102 http cache jsonwebtoken@https://registry.npmjs.org/jsonwebtoken/-/jsonwebtoken-9.0.2.tgz 0ms (cache hit)
103 http cache semver@https://registry.npmjs.org/semver/-/semver-7.7.2.tgz 0ms (cache hit)
104 http cache bcryptjs@https://registry.npmjs.org/bcryptjs/-/bcryptjs-3.0.2.tgz 0ms (cache hit)
105 http cache ms@https://registry.npmjs.org/ms/-/ms-2.1.3.tgz 0ms (cache hit)
106 silly tarball no local data for lodash.once@https://registry.npmjs.org/lodash.once/-/lodash.once-4.1.1.tgz. Extracting by manifest.
107 silly tarball no local data for lodash.isstring@https://registry.npmjs.org/lodash.isstring/-/lodash.isstring-4.0.1.tgz. Extracting by manifest.
108 silly tarball no local data for jwa@https://registry.npmjs.org/jwa/-/jwa-1.4.2.tgz. Extracting by manifest.
109 silly tarball no local data for lodash.isinteger@https://registry.npmjs.org/lodash.isinteger/-/lodash.isinteger-4.0.4.tgz. Extracting by manifest.
110 silly tarball no local data for lodash.isboolean@https://registry.npmjs.org/lodash.isboolean/-/lodash.isboolean-3.0.3.tgz. Extracting by manifest.
111 silly tarball no local data for lodash.isnumber@https://registry.npmjs.org/lodash.isnumber/-/lodash.isnumber-3.0.3.tgz. Extracting by manifest.
112 silly tarball no local data for lodash.includes@https://registry.npmjs.org/lodash.includes/-/lodash.includes-4.3.0.tgz. Extracting by manifest.
113 silly tarball no local data for jws@https://registry.npmjs.org/jws/-/jws-3.2.2.tgz. Extracting by manifest.
114 silly tarball no local data for lodash.isplainobject@https://registry.npmjs.org/lodash.isplainobject/-/lodash.isplainobject-4.0.6.tgz. Extracting by manifest.
115 silly tarball no local data for jsonwebtoken@https://registry.npmjs.org/jsonwebtoken/-/jsonwebtoken-9.0.2.tgz. Extracting by manifest.
116 silly tarball no local data for bcryptjs@https://registry.npmjs.org/bcryptjs/-/bcryptjs-3.0.2.tgz. Extracting by manifest.
117 http fetch GET 200 https://registry.npmjs.org/lodash.isstring/-/lodash.isstring-4.0.1.tgz 217ms (cache miss)
118 http fetch GET 200 https://registry.npmjs.org/jwa/-/jwa-1.4.2.tgz 217ms (cache miss)
119 http fetch GET 200 https://registry.npmjs.org/lodash.isboolean/-/lodash.isboolean-3.0.3.tgz 215ms (cache miss)
120 http fetch GET 200 https://registry.npmjs.org/lodash.isinteger/-/lodash.isinteger-4.0.4.tgz 217ms (cache miss)
121 http fetch POST 200 https://registry.npmjs.org/-/npm/v1/security/advisories/bulk 288ms
122 silly audit report {}
123 http fetch GET 200 https://registry.npmjs.org/lodash.once/-/lodash.once-4.1.1.tgz 252ms (cache miss)
124 http fetch GET 200 https://registry.npmjs.org/lodash.isnumber/-/lodash.isnumber-3.0.3.tgz 252ms (cache miss)
125 http fetch GET 200 https://registry.npmjs.org/lodash.isplainobject/-/lodash.isplainobject-4.0.6.tgz 349ms (cache miss)
126 http fetch GET 200 https://registry.npmjs.org/jws/-/jws-3.2.2.tgz 359ms (cache miss)
127 http fetch GET 200 https://registry.npmjs.org/lodash.includes/-/lodash.includes-4.3.0.tgz 363ms (cache miss)
128 http fetch GET 200 https://registry.npmjs.org/jsonwebtoken/-/jsonwebtoken-9.0.2.tgz 376ms (cache miss)
129 http fetch GET 200 https://registry.npmjs.org/bcryptjs/-/bcryptjs-3.0.2.tgz 380ms (cache miss)
130 silly ADD node_modules/ecdsa-sig-formatter
131 silly ADD node_modules/buffer-equal-constant-time
132 silly ADD node_modules/jwa
133 silly ADD node_modules/semver
134 silly ADD node_modules/lodash.once
135 silly ADD node_modules/lodash.isstring
136 silly ADD node_modules/lodash.isplainobject
137 silly ADD node_modules/lodash.isnumber
138 silly ADD node_modules/lodash.isinteger
139 silly ADD node_modules/lodash.isboolean
140 silly ADD node_modules/lodash.includes
141 silly ADD node_modules/jws
142 silly ADD node_modules/jsonwebtoken
143 silly ADD node_modules/jsonwebtoken/node_modules/ms
144 silly ADD node_modules/bcryptjs
145 verbose cwd /data/data/com.termux/files/home/AigroQuantumSaaS/backend
146 verbose os Linux 5.15.153-android13-3-29703599
147 verbose node v22.15.1
148 verbose npm  v10.9.2
149 verbose exit 0
150 info ok
