0 verbose cli /data/data/com.termux/files/usr/bin/node /data/data/com.termux/files/usr/bin/npm
1 info using npm@10.9.2
2 info using node@v22.15.1
3 silly config load:file:/data/data/com.termux/files/usr/lib/node_modules/npm/npmrc
4 silly config load:file:/data/data/com.termux/files/home/AigroQuantumSaaS-EduTech-IA/backend/.npmrc
5 silly config load:file:/data/data/com.termux/files/home/.npmrc
6 silly config load:file:/data/data/com.termux/files/usr/etc/npmrc
7 verbose title npm install
8 verbose argv "install"
9 verbose logfile logs-max:10 dir:/data/data/com.termux/files/home/.npm/_logs/2025-06-28T19_08_31_019Z-
10 verbose logfile /data/data/com.termux/files/home/.npm/_logs/2025-06-28T19_08_31_019Z-debug-0.log
11 silly logfile done cleaning log files
12 silly packumentCache heap:929824768 maxSize:232456192 maxEntrySize:116228096
13 silly idealTree buildDeps
14 silly fetch manifest bcryptjs@^2.4.3
15 silly packumentCache full:https://registry.npmjs.org/bcryptjs cache-miss
16 http fetch GET 200 https://registry.npmjs.org/bcryptjs 5412ms (cache revalidated)
17 silly packumentCache full:https://registry.npmjs.org/bcryptjs set size:77787 disposed:false
18 silly fetch manifest cors@^2.8.5
19 silly packumentCache full:https://registry.npmjs.org/cors cache-miss
20 http fetch GET 200 https://registry.npmjs.org/cors 122ms (cache revalidated)
21 silly packumentCache full:https://registry.npmjs.org/cors set size:73833 disposed:false
22 silly fetch manifest dotenv@^16.4.5
23 silly packumentCache full:https://registry.npmjs.org/dotenv cache-miss
24 http fetch GET 200 https://registry.npmjs.org/dotenv 77ms (cache revalidated)
25 silly packumentCache full:https://registry.npmjs.org/dotenv set size:245825 disposed:false
26 silly fetch manifest express@^4.19.2
27 silly packumentCache full:https://registry.npmjs.org/express cache-miss
28 http fetch GET 200 https://registry.npmjs.org/express 138ms (cache revalidated)
29 silly packumentCache full:https://registry.npmjs.org/express set size:787083 disposed:false
30 silly fetch manifest jsonwebtoken@^9.0.2
31 silly packumentCache full:https://registry.npmjs.org/jsonwebtoken cache-miss
32 http fetch GET 200 https://registry.npmjs.org/jsonwebtoken 81ms (cache revalidated)
33 silly packumentCache full:https://registry.npmjs.org/jsonwebtoken set size:181305 disposed:false
34 silly fetch manifest mongoose@^8.3.2
35 silly packumentCache full:https://registry.npmjs.org/mongoose cache-miss
36 http fetch GET 200 https://registry.npmjs.org/mongoose 127ms (cache revalidated)
37 silly packumentCache full:https://registry.npmjs.org/mongoose set size:3751102 disposed:false
38 silly fetch manifest nodemon@^3.1.0
39 silly packumentCache full:https://registry.npmjs.org/nodemon cache-miss
40 http fetch GET 200 https://registry.npmjs.org/nodemon 232ms (cache miss)
41 silly packumentCache full:https://registry.npmjs.org/nodemon set size:undefined disposed:false
42 silly placeDep ROOT bcryptjs@2.4.3 OK for: backend@1.0.0 want: ^2.4.3
43 silly placeDep ROOT cors@2.8.5 OK for: backend@1.0.0 want: ^2.8.5
44 silly placeDep ROOT dotenv@16.6.1 OK for: backend@1.0.0 want: ^16.4.5
45 silly placeDep ROOT express@4.21.2 OK for: backend@1.0.0 want: ^4.19.2
46 silly placeDep ROOT jsonwebtoken@9.0.2 OK for: backend@1.0.0 want: ^9.0.2
47 silly placeDep ROOT mongoose@8.16.1 OK for: backend@1.0.0 want: ^8.3.2
48 silly placeDep ROOT nodemon@3.1.10 OK for: backend@1.0.0 want: ^3.1.0
49 silly fetch manifest vary@^1
50 silly packumentCache full:https://registry.npmjs.org/vary cache-miss
51 silly fetch manifest object-assign@^4
52 silly packumentCache full:https://registry.npmjs.org/object-assign cache-miss
53 silly fetch manifest qs@6.13.0
54 silly packumentCache full:https://registry.npmjs.org/qs cache-miss
55 silly fetch manifest depd@2.0.0
56 silly packumentCache full:https://registry.npmjs.org/depd cache-miss
57 silly fetch manifest etag@~1.8.1
58 silly packumentCache full:https://registry.npmjs.org/etag cache-miss
59 silly fetch manifest send@0.19.0
60 silly packumentCache full:https://registry.npmjs.org/send cache-miss
61 silly fetch manifest vary@~1.1.2
62 silly packumentCache full:https://registry.npmjs.org/vary cache-miss
63 http fetch GET 200 https://registry.npmjs.org/vary 86ms (cache revalidated)
64 silly packumentCache full:https://registry.npmjs.org/vary set size:16018 disposed:false
65 silly fetch manifest debug@2.6.9
66 silly packumentCache full:https://registry.npmjs.org/debug cache-miss
67 http fetch GET 200 https://registry.npmjs.org/vary 234ms (cache revalidated)
68 silly packumentCache full:https://registry.npmjs.org/vary set size:16018 disposed:false
69 silly packumentCache full:https://registry.npmjs.org/vary dispose
70 silly fetch manifest fresh@0.5.2
71 silly packumentCache full:https://registry.npmjs.org/fresh cache-miss
72 http fetch GET 200 https://registry.npmjs.org/qs 244ms (cache revalidated)
73 silly packumentCache full:https://registry.npmjs.org/qs set size:264677 disposed:false
74 silly fetch manifest cookie@0.7.1
75 silly packumentCache full:https://registry.npmjs.org/cookie cache-miss
76 http fetch GET 200 https://registry.npmjs.org/etag 251ms (cache revalidated)
77 silly packumentCache full:https://registry.npmjs.org/etag set size:30032 disposed:false
78 silly fetch manifest accepts@~1.3.8
79 silly packumentCache full:https://registry.npmjs.org/accepts cache-miss
80 http fetch GET 200 https://registry.npmjs.org/debug 173ms (cache revalidated)
81 silly packumentCache full:https://registry.npmjs.org/debug set size:193521 disposed:false
82 silly fetch manifest methods@~1.1.2
83 silly packumentCache full:https://registry.npmjs.org/methods cache-miss
84 http fetch GET 200 https://registry.npmjs.org/depd 263ms (cache revalidated)
85 silly packumentCache full:https://registry.npmjs.org/depd set size:40182 disposed:false
86 silly fetch manifest type-is@~1.6.18
87 silly packumentCache full:https://registry.npmjs.org/type-is cache-miss
88 http fetch GET 200 https://registry.npmjs.org/object-assign 270ms (cache revalidated)
89 silly packumentCache full:https://registry.npmjs.org/object-assign set size:28988 disposed:false
90 silly fetch manifest parseurl@~1.3.3
91 silly packumentCache full:https://registry.npmjs.org/parseurl cache-miss
92 http fetch GET 200 https://registry.npmjs.org/send 270ms (cache revalidated)
93 silly packumentCache full:https://registry.npmjs.org/send set size:147586 disposed:false
94 silly fetch manifest statuses@2.0.1
95 silly packumentCache full:https://registry.npmjs.org/statuses cache-miss
96 http fetch GET 200 https://registry.npmjs.org/fresh 114ms (cache revalidated)
97 silly packumentCache full:https://registry.npmjs.org/fresh set size:25427 disposed:false
98 silly fetch manifest encodeurl@~2.0.0
99 silly packumentCache full:https://registry.npmjs.org/encodeurl cache-miss
100 http fetch GET 200 https://registry.npmjs.org/cookie 106ms (cache revalidated)
101 silly packumentCache full:https://registry.npmjs.org/cookie set size:67180 disposed:false
102 silly fetch manifest proxy-addr@~2.0.7
103 silly packumentCache full:https://registry.npmjs.org/proxy-addr cache-miss
104 http fetch GET 200 https://registry.npmjs.org/methods 98ms (cache revalidated)
105 silly packumentCache full:https://registry.npmjs.org/methods set size:12600 disposed:false
106 silly fetch manifest body-parser@1.20.3
107 silly packumentCache full:https://registry.npmjs.org/body-parser cache-miss
108 http fetch GET 200 https://registry.npmjs.org/type-is 97ms (cache revalidated)
109 silly packumentCache full:https://registry.npmjs.org/type-is set size:86196 disposed:false
110 silly fetch manifest escape-html@~1.0.3
111 silly packumentCache full:https://registry.npmjs.org/escape-html cache-miss
112 http fetch GET 200 https://registry.npmjs.org/parseurl 108ms (cache revalidated)
113 silly packumentCache full:https://registry.npmjs.org/parseurl set size:24148 disposed:false
114 silly fetch manifest http-errors@2.0.0
115 silly packumentCache full:https://registry.npmjs.org/http-errors cache-miss
116 http fetch GET 200 https://registry.npmjs.org/statuses 108ms (cache revalidated)
117 silly packumentCache full:https://registry.npmjs.org/statuses set size:37117 disposed:false
118 silly fetch manifest on-finished@2.4.1
119 silly packumentCache full:https://registry.npmjs.org/on-finished cache-miss
120 http fetch GET 200 https://registry.npmjs.org/accepts 132ms (cache revalidated)
121 silly packumentCache full:https://registry.npmjs.org/accepts set size:77054 disposed:false
122 silly fetch manifest safe-buffer@5.2.1
123 silly packumentCache full:https://registry.npmjs.org/safe-buffer cache-miss
124 http fetch GET 200 https://registry.npmjs.org/encodeurl 88ms (cache revalidated)
125 silly packumentCache full:https://registry.npmjs.org/encodeurl set size:12296 disposed:false
126 silly fetch manifest utils-merge@1.0.1
127 silly packumentCache full:https://registry.npmjs.org/utils-merge cache-miss
128 http fetch GET 200 https://registry.npmjs.org/body-parser 91ms (cache revalidated)
129 silly packumentCache full:https://registry.npmjs.org/body-parser set size:209520 disposed:false
130 silly fetch manifest content-type@~1.0.4
131 silly packumentCache full:https://registry.npmjs.org/content-type cache-miss
132 http fetch GET 200 https://registry.npmjs.org/escape-html 97ms (cache revalidated)
133 silly packumentCache full:https://registry.npmjs.org/escape-html set size:7345 disposed:false
134 silly fetch manifest finalhandler@1.3.1
135 silly packumentCache full:https://registry.npmjs.org/finalhandler cache-miss
136 http fetch GET 200 https://registry.npmjs.org/http-errors 97ms (cache revalidated)
137 silly packumentCache full:https://registry.npmjs.org/http-errors set size:69537 disposed:false
138 silly fetch manifest range-parser@~1.2.1
139 silly packumentCache full:https://registry.npmjs.org/range-parser cache-miss
140 http fetch GET 200 https://registry.npmjs.org/proxy-addr 122ms (cache revalidated)
141 silly packumentCache full:https://registry.npmjs.org/proxy-addr set size:61619 disposed:false
142 silly fetch manifest serve-static@1.16.2
143 silly packumentCache full:https://registry.npmjs.org/serve-static cache-miss
144 http fetch GET 200 https://registry.npmjs.org/on-finished 100ms (cache revalidated)
145 silly packumentCache full:https://registry.npmjs.org/on-finished set size:23212 disposed:false
146 silly fetch manifest array-flatten@1.1.1
147 silly packumentCache full:https://registry.npmjs.org/array-flatten cache-miss
148 http fetch GET 200 https://registry.npmjs.org/safe-buffer 99ms (cache revalidated)
149 silly packumentCache full:https://registry.npmjs.org/safe-buffer set size:41183 disposed:false
150 silly fetch manifest path-to-regexp@0.1.12
151 silly packumentCache full:https://registry.npmjs.org/path-to-regexp cache-miss
152 http fetch GET 200 https://registry.npmjs.org/utils-merge 125ms (cache revalidated)
153 silly packumentCache full:https://registry.npmjs.org/utils-merge set size:5237 disposed:false
154 silly fetch manifest setprototypeof@1.2.0
155 silly packumentCache full:https://registry.npmjs.org/setprototypeof cache-miss
156 http fetch GET 200 https://registry.npmjs.org/content-type 116ms (cache revalidated)
157 silly packumentCache full:https://registry.npmjs.org/content-type set size:17311 disposed:false
158 silly fetch manifest cookie-signature@1.0.6
159 silly packumentCache full:https://registry.npmjs.org/cookie-signature cache-miss
160 http fetch GET 200 https://registry.npmjs.org/array-flatten 91ms (cache revalidated)
161 silly packumentCache full:https://registry.npmjs.org/array-flatten set size:24005 disposed:false
162 silly fetch manifest merge-descriptors@1.0.3
163 silly packumentCache full:https://registry.npmjs.org/merge-descriptors cache-miss
164 http fetch GET 200 https://registry.npmjs.org/finalhandler 135ms (cache revalidated)
165 silly packumentCache full:https://registry.npmjs.org/finalhandler set size:74406 disposed:false
166 silly fetch manifest content-disposition@0.5.4
167 silly packumentCache full:https://registry.npmjs.org/content-disposition cache-miss
168 http fetch GET 200 https://registry.npmjs.org/range-parser 160ms (cache revalidated)
169 silly packumentCache full:https://registry.npmjs.org/range-parser set size:22228 disposed:false
170 silly fetch manifest ms@^2.1.1
171 silly packumentCache full:https://registry.npmjs.org/ms cache-miss
172 http fetch GET 200 https://registry.npmjs.org/serve-static 158ms (cache revalidated)
173 silly packumentCache full:https://registry.npmjs.org/serve-static set size:145938 disposed:false
174 silly fetch manifest jws@^3.2.2
175 silly packumentCache full:https://registry.npmjs.org/jws cache-miss
176 http fetch GET 200 https://registry.npmjs.org/path-to-regexp 158ms (cache revalidated)
177 silly packumentCache full:https://registry.npmjs.org/path-to-regexp set size:196503 disposed:false
178 silly fetch manifest semver@^7.5.4
179 silly packumentCache full:https://registry.npmjs.org/semver cache-miss
180 http fetch GET 200 https://registry.npmjs.org/setprototypeof 134ms (cache revalidated)
181 silly packumentCache full:https://registry.npmjs.org/setprototypeof set size:14532 disposed:false
182 silly fetch manifest lodash.once@^4.0.0
183 silly packumentCache full:https://registry.npmjs.org/lodash.once cache-miss
184 http fetch GET 200 https://registry.npmjs.org/merge-descriptors 142ms (cache revalidated)
185 silly packumentCache full:https://registry.npmjs.org/merge-descriptors set size:16527 disposed:false
186 silly fetch manifest lodash.includes@^4.3.0
187 silly packumentCache full:https://registry.npmjs.org/lodash.includes cache-miss
188 http fetch GET 200 https://registry.npmjs.org/jws 79ms (cache revalidated)
189 silly packumentCache full:https://registry.npmjs.org/jws set size:45532 disposed:false
190 silly fetch manifest lodash.isnumber@^3.0.3
191 silly packumentCache full:https://registry.npmjs.org/lodash.isnumber cache-miss
192 http fetch GET 200 https://registry.npmjs.org/cookie-signature 152ms (cache revalidated)
193 silly packumentCache full:https://registry.npmjs.org/cookie-signature set size:21777 disposed:false
194 silly fetch manifest lodash.isstring@^4.0.1
195 silly packumentCache full:https://registry.npmjs.org/lodash.isstring cache-miss
196 http fetch GET 200 https://registry.npmjs.org/ms 95ms (cache revalidated)
197 silly packumentCache full:https://registry.npmjs.org/ms set size:84883 disposed:false
198 silly fetch manifest lodash.isboolean@^3.0.3
199 silly packumentCache full:https://registry.npmjs.org/lodash.isboolean cache-miss
200 http fetch GET 200 https://registry.npmjs.org/semver 87ms (cache revalidated)
201 silly packumentCache full:https://registry.npmjs.org/semver set size:224186 disposed:false
202 silly fetch manifest lodash.isinteger@^4.0.4
203 silly packumentCache full:https://registry.npmjs.org/lodash.isinteger cache-miss
204 http fetch GET 200 https://registry.npmjs.org/lodash.isinteger 87ms (cache revalidated)
205 silly packumentCache full:https://registry.npmjs.org/lodash.isinteger set size:10827 disposed:false
206 silly fetch manifest lodash.isplainobject@^4.0.6
207 silly packumentCache full:https://registry.npmjs.org/lodash.isplainobject cache-miss
208 http fetch GET 200 https://registry.npmjs.org/lodash.once 139ms (cache revalidated)
209 silly packumentCache full:https://registry.npmjs.org/lodash.once set size:23407 disposed:false
210 silly fetch manifest bson@^6.10.4
211 silly packumentCache full:https://registry.npmjs.org/bson cache-miss
212 http fetch GET 200 https://registry.npmjs.org/lodash.isstring 117ms (cache revalidated)
213 silly packumentCache full:https://registry.npmjs.org/lodash.isstring set size:21368 disposed:false
214 silly fetch manifest kareem@2.6.3
215 silly packumentCache full:https://registry.npmjs.org/kareem cache-miss
216 http fetch GET 200 https://registry.npmjs.org/lodash.isnumber 123ms (cache revalidated)
217 silly packumentCache full:https://registry.npmjs.org/lodash.isnumber set size:21368 disposed:false
218 silly fetch manifest mongodb@~6.17.0
219 silly packumentCache full:https://registry.npmjs.org/mongodb cache-miss
220 http fetch GET 200 https://registry.npmjs.org/lodash.isboolean 125ms (cache revalidated)
221 silly packumentCache full:https://registry.npmjs.org/lodash.isboolean set size:21437 disposed:false
222 silly fetch manifest mpath@0.9.0
223 silly packumentCache full:https://registry.npmjs.org/mpath cache-miss
224 http fetch GET 200 https://registry.npmjs.org/lodash.includes 145ms (cache revalidated)
225 silly packumentCache full:https://registry.npmjs.org/lodash.includes set size:27594 disposed:false
226 silly fetch manifest mquery@5.0.0
227 silly packumentCache full:https://registry.npmjs.org/mquery cache-miss
228 http fetch GET 200 https://registry.npmjs.org/content-disposition 282ms (cache revalidated)
229 silly packumentCache full:https://registry.npmjs.org/content-disposition set size:26893 disposed:false
230 silly fetch manifest ms@2.1.3
231 silly packumentCache full:https://registry.npmjs.org/ms cache-hit
232 silly fetch manifest sift@17.1.3
233 silly packumentCache full:https://registry.npmjs.org/sift cache-miss
234 http fetch GET 200 https://registry.npmjs.org/lodash.isplainobject 86ms (cache revalidated)
235 silly packumentCache full:https://registry.npmjs.org/lodash.isplainobject set size:38531 disposed:false
236 silly fetch manifest debug@^4
237 silly packumentCache full:https://registry.npmjs.org/debug cache-hit
238 silly fetch manifest touch@^3.1.0
239 silly packumentCache full:https://registry.npmjs.org/touch cache-miss
240 http fetch GET 200 https://registry.npmjs.org/kareem 81ms (cache revalidated)
241 silly packumentCache full:https://registry.npmjs.org/kareem set size:111752 disposed:false
242 silly fetch manifest semver@^7.5.3
243 silly packumentCache full:https://registry.npmjs.org/semver cache-hit
244 silly fetch manifest chokidar@^3.5.2
245 silly packumentCache full:https://registry.npmjs.org/chokidar cache-miss
246 http fetch GET 200 https://registry.npmjs.org/mpath 90ms (cache revalidated)
247 silly packumentCache full:https://registry.npmjs.org/mpath set size:50832 disposed:false
248 silly fetch manifest minimatch@^3.1.2
249 silly packumentCache full:https://registry.npmjs.org/minimatch cache-miss
250 http fetch GET 200 https://registry.npmjs.org/mquery 90ms (cache revalidated)
251 silly packumentCache full:https://registry.npmjs.org/mquery set size:204830 disposed:false
252 silly fetch manifest undefsafe@^2.0.5
253 silly packumentCache full:https://registry.npmjs.org/undefsafe cache-miss
254 http fetch GET 200 https://registry.npmjs.org/bson 128ms (cache revalidated)
255 silly packumentCache full:https://registry.npmjs.org/bson set size:547800 disposed:false
256 silly fetch manifest pstree.remy@^1.1.8
257 silly packumentCache full:https://registry.npmjs.org/pstree.remy cache-miss
258 http fetch GET 200 https://registry.npmjs.org/mongodb 141ms (cache revalidated)
259 silly packumentCache full:https://registry.npmjs.org/mongodb set size:3235164 disposed:false
260 silly fetch manifest supports-color@^5.5.0
261 silly packumentCache full:https://registry.npmjs.org/supports-color cache-miss
262 http fetch GET 200 https://registry.npmjs.org/sift 229ms (cache revalidated)
263 silly packumentCache full:https://registry.npmjs.org/sift set size:398463 disposed:false
264 silly fetch manifest ignore-by-default@^1.0.1
265 silly packumentCache full:https://registry.npmjs.org/ignore-by-default cache-miss
266 http fetch GET 200 https://registry.npmjs.org/touch 233ms (cache miss)
267 silly packumentCache full:https://registry.npmjs.org/touch set size:undefined disposed:false
268 silly fetch manifest simple-update-notifier@^2.0.0
269 silly packumentCache full:https://registry.npmjs.org/simple-update-notifier cache-miss
270 http fetch GET 200 https://registry.npmjs.org/undefsafe 199ms (cache miss)
271 silly packumentCache full:https://registry.npmjs.org/undefsafe set size:undefined disposed:false
272 http fetch GET 200 https://registry.npmjs.org/pstree.remy 194ms (cache miss)
273 silly packumentCache full:https://registry.npmjs.org/pstree.remy set size:undefined disposed:false
274 http fetch GET 200 https://registry.npmjs.org/chokidar 247ms (cache miss)
275 silly packumentCache full:https://registry.npmjs.org/chokidar set size:undefined disposed:false
276 http fetch GET 200 https://registry.npmjs.org/supports-color 153ms (cache revalidated)
277 silly packumentCache full:https://registry.npmjs.org/supports-color set size:115466 disposed:false
278 http fetch GET 200 https://registry.npmjs.org/ignore-by-default 88ms (cache miss)
279 silly packumentCache full:https://registry.npmjs.org/ignore-by-default set size:undefined disposed:false
280 http fetch GET 200 https://registry.npmjs.org/simple-update-notifier 80ms (cache miss)
281 silly packumentCache full:https://registry.npmjs.org/simple-update-notifier set size:undefined disposed:false
282 http fetch GET 200 https://registry.npmjs.org/minimatch 920ms (cache revalidated)
283 silly packumentCache full:https://registry.npmjs.org/minimatch set size:298903 disposed:false
284 silly placeDep ROOT object-assign@4.1.1 OK for: cors@2.8.5 want: ^4
285 silly placeDep ROOT vary@1.1.2 OK for: cors@2.8.5 want: ^1
286 silly placeDep ROOT accepts@1.3.8 OK for: express@4.21.2 want: ~1.3.8
287 silly placeDep ROOT array-flatten@1.1.1 OK for: express@4.21.2 want: 1.1.1
288 silly placeDep ROOT body-parser@1.20.3 OK for: express@4.21.2 want: 1.20.3
289 silly placeDep ROOT content-disposition@0.5.4 OK for: express@4.21.2 want: 0.5.4
290 silly placeDep ROOT content-type@1.0.5 OK for: express@4.21.2 want: ~1.0.4
291 silly placeDep ROOT cookie@0.7.1 OK for: express@4.21.2 want: 0.7.1
292 silly placeDep ROOT cookie-signature@1.0.6 OK for: express@4.21.2 want: 1.0.6
293 silly placeDep ROOT debug@2.6.9 OK for: express@4.21.2 want: 2.6.9
294 silly placeDep ROOT depd@2.0.0 OK for: express@4.21.2 want: 2.0.0
295 silly placeDep ROOT encodeurl@2.0.0 OK for: express@4.21.2 want: ~2.0.0
296 silly placeDep ROOT escape-html@1.0.3 OK for: express@4.21.2 want: ~1.0.3
297 silly placeDep ROOT etag@1.8.1 OK for: express@4.21.2 want: ~1.8.1
298 silly placeDep ROOT finalhandler@1.3.1 OK for: express@4.21.2 want: 1.3.1
299 silly placeDep ROOT fresh@0.5.2 OK for: express@4.21.2 want: 0.5.2
300 silly placeDep ROOT http-errors@2.0.0 OK for: express@4.21.2 want: 2.0.0
301 silly placeDep ROOT merge-descriptors@1.0.3 OK for: express@4.21.2 want: 1.0.3
302 silly placeDep ROOT methods@1.1.2 OK for: express@4.21.2 want: ~1.1.2
303 silly placeDep ROOT on-finished@2.4.1 OK for: express@4.21.2 want: 2.4.1
304 silly placeDep ROOT parseurl@1.3.3 OK for: express@4.21.2 want: ~1.3.3
305 silly placeDep ROOT path-to-regexp@0.1.12 OK for: express@4.21.2 want: 0.1.12
306 silly placeDep ROOT proxy-addr@2.0.7 OK for: express@4.21.2 want: ~2.0.7
307 silly placeDep ROOT qs@6.13.0 OK for: express@4.21.2 want: 6.13.0
308 silly placeDep ROOT range-parser@1.2.1 OK for: express@4.21.2 want: ~1.2.1
309 silly placeDep ROOT safe-buffer@5.2.1 OK for: express@4.21.2 want: 5.2.1
310 silly placeDep ROOT send@0.19.0 OK for: express@4.21.2 want: 0.19.0
311 silly placeDep ROOT serve-static@1.16.2 OK for: express@4.21.2 want: 1.16.2
312 silly placeDep ROOT setprototypeof@1.2.0 OK for: express@4.21.2 want: 1.2.0
313 silly placeDep ROOT statuses@2.0.1 OK for: express@4.21.2 want: 2.0.1
314 silly placeDep ROOT type-is@1.6.18 OK for: express@4.21.2 want: ~1.6.18
315 silly placeDep ROOT utils-merge@1.0.1 OK for: express@4.21.2 want: 1.0.1
316 silly fetch manifest mime-types@~2.1.34
317 silly packumentCache full:https://registry.npmjs.org/mime-types cache-miss
318 silly fetch manifest negotiator@0.6.3
319 silly packumentCache full:https://registry.npmjs.org/negotiator cache-miss
320 silly fetch manifest bytes@3.1.2
321 silly packumentCache full:https://registry.npmjs.org/bytes cache-miss
322 silly fetch manifest unpipe@1.0.0
323 silly packumentCache full:https://registry.npmjs.org/unpipe cache-miss
324 silly fetch manifest destroy@1.2.0
325 silly packumentCache full:https://registry.npmjs.org/destroy cache-miss
326 silly fetch manifest raw-body@2.5.2
327 silly packumentCache full:https://registry.npmjs.org/raw-body cache-miss
328 silly fetch manifest iconv-lite@0.4.24
329 silly packumentCache full:https://registry.npmjs.org/iconv-lite cache-miss
330 http fetch GET 200 https://registry.npmjs.org/mime-types 84ms (cache revalidated)
331 silly packumentCache full:https://registry.npmjs.org/mime-types set size:136716 disposed:false
332 silly fetch manifest content-type@~1.0.5
333 silly packumentCache full:https://registry.npmjs.org/content-type cache-hit
334 silly fetch manifest ms@2.0.0
335 silly packumentCache full:https://registry.npmjs.org/ms cache-hit
336 silly fetch manifest unpipe@~1.0.0
337 silly packumentCache full:https://registry.npmjs.org/unpipe cache-miss
338 http fetch GET 200 https://registry.npmjs.org/unpipe 90ms (cache revalidated)
339 silly packumentCache full:https://registry.npmjs.org/unpipe set size:3537 disposed:false
340 silly fetch manifest inherits@2.0.4
341 silly packumentCache full:https://registry.npmjs.org/inherits cache-miss
342 http fetch GET 200 https://registry.npmjs.org/bytes 107ms (cache revalidated)
343 silly packumentCache full:https://registry.npmjs.org/bytes set size:37018 disposed:false
344 silly fetch manifest toidentifier@1.0.1
345 silly packumentCache full:https://registry.npmjs.org/toidentifier cache-miss
346 http fetch GET 200 https://registry.npmjs.org/negotiator 112ms (cache revalidated)
347 silly packumentCache full:https://registry.npmjs.org/negotiator set size:48046 disposed:false
348 silly fetch manifest ee-first@1.1.1
349 silly packumentCache full:https://registry.npmjs.org/ee-first cache-miss
350 http fetch GET 200 https://registry.npmjs.org/destroy 111ms (cache revalidated)
351 silly packumentCache full:https://registry.npmjs.org/destroy set size:15683 disposed:false
352 silly fetch manifest forwarded@0.2.0
353 silly packumentCache full:https://registry.npmjs.org/forwarded cache-miss
354 http fetch GET 200 https://registry.npmjs.org/raw-body 113ms (cache revalidated)
355 silly packumentCache full:https://registry.npmjs.org/raw-body set size:108717 disposed:false
356 silly fetch manifest ipaddr.js@1.9.1
357 silly packumentCache full:https://registry.npmjs.org/ipaddr.js cache-miss
358 http fetch GET 200 https://registry.npmjs.org/iconv-lite 115ms (cache revalidated)
359 silly packumentCache full:https://registry.npmjs.org/iconv-lite set size:115994 disposed:false
360 silly fetch manifest side-channel@^1.0.6
361 silly packumentCache full:https://registry.npmjs.org/side-channel cache-miss
362 http cache https://registry.npmjs.org/unpipe 47ms (cache hit)
363 silly packumentCache full:https://registry.npmjs.org/unpipe set size:3537 disposed:false
364 silly packumentCache full:https://registry.npmjs.org/unpipe dispose
365 silly fetch manifest mime@1.6.0
366 silly packumentCache full:https://registry.npmjs.org/mime cache-miss
367 http fetch GET 200 https://registry.npmjs.org/inherits 92ms (cache revalidated)
368 silly packumentCache full:https://registry.npmjs.org/inherits set size:12925 disposed:false
369 silly fetch manifest encodeurl@~1.0.2
370 silly packumentCache full:https://registry.npmjs.org/encodeurl cache-hit
371 silly fetch manifest mime-types@~2.1.24
372 silly packumentCache full:https://registry.npmjs.org/mime-types cache-hit
373 silly fetch manifest media-typer@0.3.0
374 silly packumentCache full:https://registry.npmjs.org/media-typer cache-miss
375 http fetch GET 200 https://registry.npmjs.org/ee-first 94ms (cache revalidated)
376 silly packumentCache full:https://registry.npmjs.org/ee-first set size:15327 disposed:false
377 http fetch GET 200 https://registry.npmjs.org/side-channel 87ms (cache revalidated)
378 silly packumentCache full:https://registry.npmjs.org/side-channel set size:24660 disposed:false
379 http fetch GET 200 https://registry.npmjs.org/forwarded 98ms (cache revalidated)
380 silly packumentCache full:https://registry.npmjs.org/forwarded set size:11229 disposed:false
381 http fetch GET 200 https://registry.npmjs.org/ipaddr.js 102ms (cache revalidated)
382 silly packumentCache full:https://registry.npmjs.org/ipaddr.js set size:65942 disposed:false
383 http fetch GET 200 https://registry.npmjs.org/mime 89ms (cache revalidated)
384 silly packumentCache full:https://registry.npmjs.org/mime set size:116750 disposed:false
385 http fetch GET 200 https://registry.npmjs.org/toidentifier 185ms (cache revalidated)
386 silly packumentCache full:https://registry.npmjs.org/toidentifier set size:12006 disposed:false
387 http fetch GET 200 https://registry.npmjs.org/media-typer 128ms (cache revalidated)
388 silly packumentCache full:https://registry.npmjs.org/media-typer set size:20873 disposed:false
389 silly placeDep ROOT mime-types@2.1.35 OK for: accepts@1.3.8 want: ~2.1.34
390 silly placeDep ROOT negotiator@0.6.3 OK for: accepts@1.3.8 want: 0.6.3
391 silly fetch manifest mime-db@1.52.0
392 silly packumentCache full:https://registry.npmjs.org/mime-db cache-miss
393 http fetch GET 200 https://registry.npmjs.org/mime-db 130ms (cache revalidated)
394 silly packumentCache full:https://registry.npmjs.org/mime-db set size:164953 disposed:false
395 silly placeDep ROOT bytes@3.1.2 OK for: body-parser@1.20.3 want: 3.1.2
396 silly placeDep ROOT destroy@1.2.0 OK for: body-parser@1.20.3 want: 1.2.0
397 silly placeDep ROOT iconv-lite@0.4.24 OK for: body-parser@1.20.3 want: 0.4.24
398 silly placeDep ROOT raw-body@2.5.2 OK for: body-parser@1.20.3 want: 2.5.2
399 silly placeDep ROOT unpipe@1.0.0 OK for: body-parser@1.20.3 want: 1.0.0
400 silly fetch manifest safer-buffer@>= 2.1.2 < 3
401 silly packumentCache full:https://registry.npmjs.org/safer-buffer cache-miss
402 http fetch GET 200 https://registry.npmjs.org/safer-buffer 88ms (cache revalidated)
403 silly packumentCache full:https://registry.npmjs.org/safer-buffer set size:18521 disposed:false
404 silly placeDep ROOT ms@2.0.0 OK for: debug@2.6.9 want: 2.0.0
405 silly placeDep ROOT inherits@2.0.4 OK for: http-errors@2.0.0 want: 2.0.4
406 silly placeDep ROOT toidentifier@1.0.1 OK for: http-errors@2.0.0 want: 1.0.1
407 silly placeDep ROOT safer-buffer@2.1.2 OK for: iconv-lite@0.4.24 want: >= 2.1.2 < 3
408 silly placeDep ROOT jws@3.2.2 OK for: jsonwebtoken@9.0.2 want: ^3.2.2
409 silly placeDep ROOT lodash.includes@4.3.0 OK for: jsonwebtoken@9.0.2 want: ^4.3.0
410 silly placeDep ROOT lodash.isboolean@3.0.3 OK for: jsonwebtoken@9.0.2 want: ^3.0.3
411 silly placeDep ROOT lodash.isinteger@4.0.4 OK for: jsonwebtoken@9.0.2 want: ^4.0.4
412 silly placeDep ROOT lodash.isnumber@3.0.3 OK for: jsonwebtoken@9.0.2 want: ^3.0.3
413 silly placeDep ROOT lodash.isplainobject@4.0.6 OK for: jsonwebtoken@9.0.2 want: ^4.0.6
414 silly placeDep ROOT lodash.isstring@4.0.1 OK for: jsonwebtoken@9.0.2 want: ^4.0.1
415 silly placeDep ROOT lodash.once@4.1.1 OK for: jsonwebtoken@9.0.2 want: ^4.0.0
416 silly placeDep node_modules/jsonwebtoken ms@2.1.3 OK for: jsonwebtoken@9.0.2 want: ^2.1.1
417 silly placeDep ROOT semver@7.7.2 OK for: jsonwebtoken@9.0.2 want: ^7.5.4
418 silly fetch manifest jwa@^1.4.1
419 silly packumentCache full:https://registry.npmjs.org/jwa cache-miss
420 http fetch GET 200 https://registry.npmjs.org/jwa 116ms (cache revalidated)
421 silly packumentCache full:https://registry.npmjs.org/jwa set size:39956 disposed:false
422 silly placeDep ROOT jwa@1.4.2 OK for: jws@3.2.2 want: ^1.4.1
423 silly fetch manifest ecdsa-sig-formatter@1.0.11
424 silly packumentCache full:https://registry.npmjs.org/ecdsa-sig-formatter cache-miss
425 silly fetch manifest buffer-equal-constant-time@^1.0.1
426 silly packumentCache full:https://registry.npmjs.org/buffer-equal-constant-time cache-miss
427 http fetch GET 200 https://registry.npmjs.org/ecdsa-sig-formatter 94ms (cache revalidated)
428 silly packumentCache full:https://registry.npmjs.org/ecdsa-sig-formatter set size:23546 disposed:false
429 http fetch GET 200 https://registry.npmjs.org/buffer-equal-constant-time 98ms (cache revalidated)
430 silly packumentCache full:https://registry.npmjs.org/buffer-equal-constant-time set size:4390 disposed:false
431 silly placeDep ROOT buffer-equal-constant-time@1.0.1 OK for: jwa@1.4.2 want: ^1.0.1
432 silly placeDep ROOT ecdsa-sig-formatter@1.0.11 OK for: jwa@1.4.2 want: 1.0.11
433 silly placeDep ROOT mime-db@1.52.0 OK for: mime-types@2.1.35 want: 1.52.0
434 silly fetch manifest @aws-sdk/credential-providers@^3.188.0
435 silly packumentCache full:https://registry.npmjs.org/@aws-sdk%2fcredential-providers cache-miss
436 http fetch GET 200 https://registry.npmjs.org/@aws-sdk%2fcredential-providers 133ms (cache revalidated)
437 silly packumentCache full:https://registry.npmjs.org/@aws-sdk%2fcredential-providers set size:1541868 disposed:false
438 silly fetch manifest @mongodb-js/zstd@^1.1.0 || ^2.0.0
439 silly packumentCache full:https://registry.npmjs.org/@mongodb-js%2fzstd cache-miss
440 http fetch GET 200 https://registry.npmjs.org/@mongodb-js%2fzstd 129ms (cache revalidated)
441 silly packumentCache full:https://registry.npmjs.org/@mongodb-js%2fzstd set size:91033 disposed:false
442 silly fetch manifest gcp-metadata@^5.2.0
443 silly packumentCache full:https://registry.npmjs.org/gcp-metadata cache-miss
444 http fetch GET 200 https://registry.npmjs.org/gcp-metadata 107ms (cache revalidated)
445 silly packumentCache full:https://registry.npmjs.org/gcp-metadata set size:182287 disposed:false
446 silly fetch manifest kerberos@^2.0.1
447 silly packumentCache full:https://registry.npmjs.org/kerberos cache-miss
448 http fetch GET 200 https://registry.npmjs.org/kerberos 114ms (cache revalidated)
449 silly packumentCache full:https://registry.npmjs.org/kerberos set size:110721 disposed:false
450 silly fetch manifest mongodb-client-encryption@>=6.0.0 <7
451 silly packumentCache full:https://registry.npmjs.org/mongodb-client-encryption cache-miss
452 http fetch GET 200 https://registry.npmjs.org/mongodb-client-encryption 138ms (cache revalidated)
453 silly packumentCache full:https://registry.npmjs.org/mongodb-client-encryption set size:248353 disposed:false
454 silly fetch manifest snappy@^7.2.2
455 silly packumentCache full:https://registry.npmjs.org/snappy cache-miss
456 http fetch GET 200 https://registry.npmjs.org/snappy 85ms (cache revalidated)
457 silly packumentCache full:https://registry.npmjs.org/snappy set size:164250 disposed:false
458 silly fetch manifest socks@^2.7.1
459 silly packumentCache full:https://registry.npmjs.org/socks cache-miss
460 http fetch GET 200 https://registry.npmjs.org/socks 76ms (cache revalidated)
461 silly packumentCache full:https://registry.npmjs.org/socks set size:163904 disposed:false
462 silly placeDep ROOT bson@6.10.4 OK for: mongoose@8.16.1 want: ^6.10.4
463 silly placeDep ROOT kareem@2.6.3 OK for: mongoose@8.16.1 want: 2.6.3
464 silly placeDep ROOT mongodb@6.17.0 OK for: mongoose@8.16.1 want: ~6.17.0
465 silly placeDep ROOT mpath@0.9.0 OK for: mongoose@8.16.1 want: 0.9.0
466 silly placeDep ROOT mquery@5.0.0 OK for: mongoose@8.16.1 want: 5.0.0
467 silly placeDep node_modules/mongoose ms@2.1.3 OK for: mongoose@8.16.1 want: 2.1.3
468 silly placeDep ROOT sift@17.1.3 OK for: mongoose@8.16.1 want: 17.1.3
469 silly fetch manifest @mongodb-js/saslprep@^1.1.9
470 silly packumentCache full:https://registry.npmjs.org/@mongodb-js%2fsaslprep cache-miss
471 silly fetch manifest mongodb-connection-string-url@^3.0.0
472 silly packumentCache full:https://registry.npmjs.org/mongodb-connection-string-url cache-miss
473 silly fetch manifest debug@4.x
474 silly packumentCache full:https://registry.npmjs.org/debug cache-hit
475 http fetch GET 200 https://registry.npmjs.org/mongodb-connection-string-url 66ms (cache revalidated)
476 silly packumentCache full:https://registry.npmjs.org/mongodb-connection-string-url set size:115682 disposed:false
477 http fetch GET 200 https://registry.npmjs.org/@mongodb-js%2fsaslprep 159ms (cache revalidated)
478 silly packumentCache full:https://registry.npmjs.org/@mongodb-js%2fsaslprep set size:64851 disposed:false
479 silly placeDep ROOT @mongodb-js/saslprep@1.3.0 OK for: mongodb@6.17.0 want: ^1.1.9
480 silly placeDep ROOT mongodb-connection-string-url@3.0.2 OK for: mongodb@6.17.0 want: ^3.0.0
481 silly fetch manifest sparse-bitfield@^3.0.3
482 silly packumentCache full:https://registry.npmjs.org/sparse-bitfield cache-miss
483 silly fetch manifest whatwg-url@^14.1.0 || ^13.0.0
484 silly packumentCache full:https://registry.npmjs.org/whatwg-url cache-miss
485 silly fetch manifest @types/whatwg-url@^11.0.2
486 silly packumentCache full:https://registry.npmjs.org/@types%2fwhatwg-url cache-miss
487 http fetch GET 200 https://registry.npmjs.org/whatwg-url 96ms (cache revalidated)
488 silly packumentCache full:https://registry.npmjs.org/whatwg-url set size:160604 disposed:false
489 http fetch GET 200 https://registry.npmjs.org/@types%2fwhatwg-url 108ms (cache revalidated)
490 silly packumentCache full:https://registry.npmjs.org/@types%2fwhatwg-url set size:25733 disposed:false
491 http fetch GET 200 https://registry.npmjs.org/sparse-bitfield 111ms (cache revalidated)
492 silly packumentCache full:https://registry.npmjs.org/sparse-bitfield set size:18366 disposed:false
493 silly placeDep ROOT sparse-bitfield@3.0.3 OK for: @mongodb-js/saslprep@1.3.0 want: ^3.0.3
494 silly fetch manifest memory-pager@^1.0.2
495 silly packumentCache full:https://registry.npmjs.org/memory-pager cache-miss
496 http fetch GET 200 https://registry.npmjs.org/memory-pager 75ms (cache revalidated)
497 silly packumentCache full:https://registry.npmjs.org/memory-pager set size:21090 disposed:false
498 silly placeDep ROOT @types/whatwg-url@11.0.5 OK for: mongodb-connection-string-url@3.0.2 want: ^11.0.2
499 silly placeDep ROOT whatwg-url@14.2.0 OK for: mongodb-connection-string-url@3.0.2 want: ^14.1.0 || ^13.0.0
500 silly fetch manifest @types/webidl-conversions@*
501 silly packumentCache full:https://registry.npmjs.org/@types%2fwebidl-conversions cache-miss
502 silly fetch manifest tr46@^5.1.0
503 silly packumentCache full:https://registry.npmjs.org/tr46 cache-miss
504 silly fetch manifest webidl-conversions@^7.0.0
505 silly packumentCache full:https://registry.npmjs.org/webidl-conversions cache-miss
506 http fetch GET 200 https://registry.npmjs.org/tr46 80ms (cache revalidated)
507 silly packumentCache full:https://registry.npmjs.org/tr46 set size:45265 disposed:false
508 http fetch GET 200 https://registry.npmjs.org/webidl-conversions 91ms (cache revalidated)
509 silly packumentCache full:https://registry.npmjs.org/webidl-conversions set size:41857 disposed:false
510 http fetch GET 200 https://registry.npmjs.org/@types%2fwebidl-conversions 104ms (cache revalidated)
511 silly packumentCache full:https://registry.npmjs.org/@types%2fwebidl-conversions set size:22919 disposed:false
512 silly placeDep ROOT @types/webidl-conversions@7.0.3 OK for: @types/whatwg-url@11.0.5 want: *
513 silly placeDep node_modules/mquery debug@4.4.1 OK for: mquery@5.0.0 want: 4.x
514 silly fetch manifest ms@^2.1.3
515 silly packumentCache full:https://registry.npmjs.org/ms cache-hit
516 silly placeDep ROOT chokidar@3.6.0 OK for: nodemon@3.1.10 want: ^3.5.2
517 silly placeDep node_modules/nodemon debug@4.4.1 OK for: nodemon@3.1.10 want: ^4
518 silly placeDep ROOT ignore-by-default@1.0.1 OK for: nodemon@3.1.10 want: ^1.0.1
519 silly placeDep ROOT minimatch@3.1.2 OK for: nodemon@3.1.10 want: ^3.1.2
520 silly placeDep ROOT pstree.remy@1.1.8 OK for: nodemon@3.1.10 want: ^1.1.8
521 silly placeDep ROOT simple-update-notifier@2.0.0 OK for: nodemon@3.1.10 want: ^2.0.0
522 silly placeDep ROOT supports-color@5.5.0 OK for: nodemon@3.1.10 want: ^5.5.0
523 silly placeDep ROOT touch@3.1.1 OK for: nodemon@3.1.10 want: ^3.1.0
524 silly placeDep ROOT undefsafe@2.0.5 OK for: nodemon@3.1.10 want: ^2.0.5
525 silly fetch manifest braces@~3.0.2
526 silly packumentCache full:https://registry.npmjs.org/braces cache-miss
527 silly fetch manifest is-glob@~4.0.1
528 silly packumentCache full:https://registry.npmjs.org/is-glob cache-miss
529 silly fetch manifest anymatch@~3.1.2
530 silly packumentCache full:https://registry.npmjs.org/anymatch cache-miss
531 silly fetch manifest readdirp@~3.6.0
532 silly packumentCache full:https://registry.npmjs.org/readdirp cache-miss
533 silly fetch manifest glob-parent@~5.1.2
534 silly packumentCache full:https://registry.npmjs.org/glob-parent cache-miss
535 silly fetch manifest is-binary-path@~2.1.0
536 silly packumentCache full:https://registry.npmjs.org/is-binary-path cache-miss
537 silly fetch manifest normalize-path@~3.0.0
538 silly packumentCache full:https://registry.npmjs.org/normalize-path cache-miss
539 http fetch GET 200 https://registry.npmjs.org/braces 120ms (cache revalidated)
540 silly packumentCache full:https://registry.npmjs.org/braces set size:114529 disposed:false
541 silly fetch manifest fsevents@~2.3.2
542 silly packumentCache full:https://registry.npmjs.org/fsevents cache-miss
543 http fetch GET 200 https://registry.npmjs.org/is-binary-path 122ms (cache miss)
544 silly packumentCache full:https://registry.npmjs.org/is-binary-path set size:undefined disposed:false
545 silly fetch manifest brace-expansion@^1.1.7
546 silly packumentCache full:https://registry.npmjs.org/brace-expansion cache-miss
547 http fetch GET 200 https://registry.npmjs.org/normalize-path 131ms (cache miss)
548 silly packumentCache full:https://registry.npmjs.org/normalize-path set size:undefined disposed:false
549 silly fetch manifest has-flag@^3.0.0
550 silly packumentCache full:https://registry.npmjs.org/has-flag cache-miss
551 http fetch GET 200 https://registry.npmjs.org/glob-parent 135ms (cache miss)
552 silly packumentCache full:https://registry.npmjs.org/glob-parent set size:undefined disposed:false
553 http fetch GET 200 https://registry.npmjs.org/is-glob 141ms (cache miss)
554 silly packumentCache full:https://registry.npmjs.org/is-glob set size:undefined disposed:false
555 http fetch GET 200 https://registry.npmjs.org/anymatch 143ms (cache miss)
556 silly packumentCache full:https://registry.npmjs.org/anymatch set size:undefined disposed:false
557 http fetch GET 200 https://registry.npmjs.org/readdirp 147ms (cache miss)
558 silly packumentCache full:https://registry.npmjs.org/readdirp set size:undefined disposed:false
559 http fetch GET 200 https://registry.npmjs.org/has-flag 77ms (cache revalidated)
560 silly packumentCache full:https://registry.npmjs.org/has-flag set size:15180 disposed:false
561 http fetch GET 200 https://registry.npmjs.org/fsevents 98ms (cache revalidated)
562 silly packumentCache full:https://registry.npmjs.org/fsevents set size:182472 disposed:false
563 http fetch GET 200 https://registry.npmjs.org/brace-expansion 103ms (cache revalidated)
564 silly packumentCache full:https://registry.npmjs.org/brace-expansion set size:46250 disposed:false
565 silly placeDep ROOT anymatch@3.1.3 OK for: chokidar@3.6.0 want: ~3.1.2
566 silly placeDep ROOT braces@3.0.3 OK for: chokidar@3.6.0 want: ~3.0.2
567 silly placeDep ROOT fsevents@2.3.3 OK for: chokidar@3.6.0 want: ~2.3.2
568 silly placeDep ROOT glob-parent@5.1.2 OK for: chokidar@3.6.0 want: ~5.1.2
569 silly placeDep ROOT is-binary-path@2.1.0 OK for: chokidar@3.6.0 want: ~2.1.0
570 silly placeDep ROOT is-glob@4.0.3 OK for: chokidar@3.6.0 want: ~4.0.1
571 silly placeDep ROOT normalize-path@3.0.0 OK for: chokidar@3.6.0 want: ~3.0.0
572 silly placeDep ROOT readdirp@3.6.0 OK for: chokidar@3.6.0 want: ~3.6.0
573 silly fetch manifest picomatch@^2.0.4
574 silly packumentCache full:https://registry.npmjs.org/picomatch cache-miss
575 silly fetch manifest normalize-path@^3.0.0
576 silly packumentCache full:https://registry.npmjs.org/normalize-path cache-miss
577 silly fetch manifest fill-range@^7.1.1
578 silly packumentCache full:https://registry.npmjs.org/fill-range cache-miss
579 silly fetch manifest is-glob@^4.0.1
580 silly packumentCache full:https://registry.npmjs.org/is-glob cache-miss
581 silly fetch manifest binary-extensions@^2.0.0
582 silly packumentCache full:https://registry.npmjs.org/binary-extensions cache-miss
583 silly fetch manifest is-extglob@^2.1.1
584 silly packumentCache full:https://registry.npmjs.org/is-extglob cache-miss
585 silly fetch manifest picomatch@^2.2.1
586 silly packumentCache full:https://registry.npmjs.org/picomatch cache-miss
587 http cache https://registry.npmjs.org/is-glob 23ms (cache hit)
588 silly packumentCache full:https://registry.npmjs.org/is-glob set size:40530 disposed:false
589 http cache https://registry.npmjs.org/normalize-path 26ms (cache hit)
590 silly packumentCache full:https://registry.npmjs.org/normalize-path set size:28713 disposed:false
591 http fetch GET 200 https://registry.npmjs.org/is-extglob 59ms (cache miss)
592 silly packumentCache full:https://registry.npmjs.org/is-extglob set size:undefined disposed:false
593 http fetch GET 200 https://registry.npmjs.org/picomatch 74ms (cache revalidated)
594 silly packumentCache full:https://registry.npmjs.org/picomatch set size:116191 disposed:false
595 http fetch GET 200 https://registry.npmjs.org/fill-range 81ms (cache revalidated)
596 silly packumentCache full:https://registry.npmjs.org/fill-range set size:90212 disposed:false
597 http fetch GET 200 https://registry.npmjs.org/picomatch 96ms (cache revalidated)
598 silly packumentCache full:https://registry.npmjs.org/picomatch set size:116191 disposed:false
599 silly packumentCache full:https://registry.npmjs.org/picomatch dispose
600 http fetch GET 200 https://registry.npmjs.org/binary-extensions 112ms (cache miss)
601 silly packumentCache full:https://registry.npmjs.org/binary-extensions set size:undefined disposed:false
602 silly placeDep ROOT picomatch@2.3.1 OK for: anymatch@3.1.3 want: ^2.0.4
603 silly placeDep ROOT fill-range@7.1.1 OK for: braces@3.0.3 want: ^7.1.1
604 silly fetch manifest to-regex-range@^5.0.1
605 silly packumentCache full:https://registry.npmjs.org/to-regex-range cache-miss
606 http fetch GET 200 https://registry.npmjs.org/to-regex-range 94ms (cache revalidated)
607 silly packumentCache full:https://registry.npmjs.org/to-regex-range set size:61569 disposed:false
608 silly placeDep ROOT to-regex-range@5.0.1 OK for: fill-range@7.1.1 want: ^5.0.1
609 silly fetch manifest is-number@^7.0.0
610 silly packumentCache full:https://registry.npmjs.org/is-number cache-miss
611 http fetch GET 200 https://registry.npmjs.org/is-number 96ms (cache revalidated)
612 silly packumentCache full:https://registry.npmjs.org/is-number set size:36183 disposed:false
613 silly placeDep ROOT binary-extensions@2.3.0 OK for: is-binary-path@2.1.0 want: ^2.0.0
614 silly placeDep ROOT is-extglob@2.1.1 OK for: is-glob@4.0.3 want: ^2.1.1
615 silly placeDep ROOT brace-expansion@1.1.12 OK for: minimatch@3.1.2 want: ^1.1.7
616 silly fetch manifest balanced-match@^1.0.0
617 silly packumentCache full:https://registry.npmjs.org/balanced-match cache-miss
618 silly fetch manifest concat-map@0.0.1
619 silly packumentCache full:https://registry.npmjs.org/concat-map cache-miss
620 http fetch GET 200 https://registry.npmjs.org/balanced-match 75ms (cache revalidated)
621 silly packumentCache full:https://registry.npmjs.org/balanced-match set size:33860 disposed:false
622 http fetch GET 200 https://registry.npmjs.org/concat-map 88ms (cache miss)
623 silly packumentCache full:https://registry.npmjs.org/concat-map set size:undefined disposed:false
624 silly placeDep ROOT balanced-match@1.0.2 OK for: brace-expansion@1.1.12 want: ^1.0.0
625 silly placeDep ROOT concat-map@0.0.1 OK for: brace-expansion@1.1.12 want: 0.0.1
626 silly placeDep ROOT ee-first@1.1.1 OK for: on-finished@2.4.1 want: 1.1.1
627 silly placeDep ROOT forwarded@0.2.0 OK for: proxy-addr@2.0.7 want: 0.2.0
628 silly placeDep ROOT ipaddr.js@1.9.1 OK for: proxy-addr@2.0.7 want: 1.9.1
629 silly placeDep ROOT side-channel@1.1.0 OK for: qs@6.13.0 want: ^1.0.6
630 silly fetch manifest es-errors@^1.3.0
631 silly packumentCache full:https://registry.npmjs.org/es-errors cache-miss
632 silly fetch manifest object-inspect@^1.13.3
633 silly packumentCache full:https://registry.npmjs.org/object-inspect cache-miss
634 silly fetch manifest side-channel-list@^1.0.0
635 silly packumentCache full:https://registry.npmjs.org/side-channel-list cache-miss
636 silly fetch manifest side-channel-map@^1.0.1
637 silly packumentCache full:https://registry.npmjs.org/side-channel-map cache-miss
638 silly fetch manifest side-channel-weakmap@^1.0.2
639 silly packumentCache full:https://registry.npmjs.org/side-channel-weakmap cache-miss
640 http fetch GET 200 https://registry.npmjs.org/side-channel-list 148ms (cache revalidated)
641 silly packumentCache full:https://registry.npmjs.org/side-channel-list set size:6005 disposed:false
642 http fetch GET 200 https://registry.npmjs.org/side-channel-map 150ms (cache revalidated)
643 silly packumentCache full:https://registry.npmjs.org/side-channel-map set size:9126 disposed:false
644 http fetch GET 200 https://registry.npmjs.org/side-channel-weakmap 150ms (cache revalidated)
645 silly packumentCache full:https://registry.npmjs.org/side-channel-weakmap set size:12620 disposed:false
646 http fetch GET 200 https://registry.npmjs.org/object-inspect 154ms (cache revalidated)
647 silly packumentCache full:https://registry.npmjs.org/object-inspect set size:101912 disposed:false
648 http fetch GET 200 https://registry.npmjs.org/es-errors 162ms (cache revalidated)
649 silly packumentCache full:https://registry.npmjs.org/es-errors set size:16918 disposed:false
650 silly placeDep node_modules/send encodeurl@1.0.2 OK for: send@0.19.0 want: ~1.0.2
651 silly placeDep ROOT mime@1.6.0 OK for: send@0.19.0 want: 1.6.0
652 silly placeDep node_modules/send ms@2.1.3 OK for: send@0.19.0 want: 2.1.3
653 silly placeDep ROOT es-errors@1.3.0 OK for: side-channel@1.1.0 want: ^1.3.0
654 silly placeDep ROOT object-inspect@1.13.4 OK for: side-channel@1.1.0 want: ^1.13.3
655 silly placeDep ROOT side-channel-list@1.0.0 OK for: side-channel@1.1.0 want: ^1.0.0
656 silly placeDep ROOT side-channel-map@1.0.1 OK for: side-channel@1.1.0 want: ^1.0.1
657 silly placeDep ROOT side-channel-weakmap@1.0.2 OK for: side-channel@1.1.0 want: ^1.0.2
658 silly fetch manifest call-bound@^1.0.2
659 silly packumentCache full:https://registry.npmjs.org/call-bound cache-miss
660 silly fetch manifest get-intrinsic@^1.2.5
661 silly packumentCache full:https://registry.npmjs.org/get-intrinsic cache-miss
662 silly fetch manifest call-bound@^1.0.2
663 silly packumentCache full:https://registry.npmjs.org/call-bound cache-miss
664 silly fetch manifest get-intrinsic@^1.2.5
665 silly packumentCache full:https://registry.npmjs.org/get-intrinsic cache-miss
666 http fetch GET 200 https://registry.npmjs.org/call-bound 88ms (cache revalidated)
667 silly packumentCache full:https://registry.npmjs.org/call-bound set size:15317 disposed:false
668 http fetch GET 200 https://registry.npmjs.org/call-bound 88ms (cache revalidated)
669 silly packumentCache full:https://registry.npmjs.org/call-bound set size:15317 disposed:false
670 silly packumentCache full:https://registry.npmjs.org/call-bound dispose
671 http fetch GET 200 https://registry.npmjs.org/get-intrinsic 92ms (cache revalidated)
672 silly packumentCache full:https://registry.npmjs.org/get-intrinsic set size:57687 disposed:false
673 http fetch GET 200 https://registry.npmjs.org/get-intrinsic 94ms (cache revalidated)
674 silly packumentCache full:https://registry.npmjs.org/get-intrinsic set size:57687 disposed:false
675 silly packumentCache full:https://registry.npmjs.org/get-intrinsic dispose
676 silly placeDep ROOT call-bound@1.0.4 OK for: side-channel-map@1.0.1 want: ^1.0.2
677 silly placeDep ROOT get-intrinsic@1.3.0 OK for: side-channel-map@1.0.1 want: ^1.2.5
678 silly fetch manifest call-bind-apply-helpers@^1.0.2
679 silly packumentCache full:https://registry.npmjs.org/call-bind-apply-helpers cache-miss
680 silly fetch manifest get-intrinsic@^1.3.0
681 silly packumentCache full:https://registry.npmjs.org/get-intrinsic cache-hit
682 silly fetch manifest call-bind-apply-helpers@^1.0.2
683 silly packumentCache full:https://registry.npmjs.org/call-bind-apply-helpers cache-miss
684 silly fetch manifest es-define-property@^1.0.1
685 silly packumentCache full:https://registry.npmjs.org/es-define-property cache-miss
686 silly fetch manifest es-object-atoms@^1.1.1
687 silly packumentCache full:https://registry.npmjs.org/es-object-atoms cache-miss
688 silly fetch manifest function-bind@^1.1.2
689 silly packumentCache full:https://registry.npmjs.org/function-bind cache-miss
690 silly fetch manifest get-proto@^1.0.1
691 silly packumentCache full:https://registry.npmjs.org/get-proto cache-miss
692 silly fetch manifest gopd@^1.2.0
693 silly packumentCache full:https://registry.npmjs.org/gopd cache-miss
694 http fetch GET 200 https://registry.npmjs.org/es-object-atoms 94ms (cache revalidated)
695 silly packumentCache full:https://registry.npmjs.org/es-object-atoms set size:15304 disposed:false
696 silly fetch manifest has-symbols@^1.1.0
697 silly packumentCache full:https://registry.npmjs.org/has-symbols cache-miss
698 http fetch GET 200 https://registry.npmjs.org/call-bind-apply-helpers 99ms (cache revalidated)
699 silly packumentCache full:https://registry.npmjs.org/call-bind-apply-helpers set size:12744 disposed:false
700 silly fetch manifest hasown@^2.0.2
701 silly packumentCache full:https://registry.npmjs.org/hasown cache-miss
702 http fetch GET 200 https://registry.npmjs.org/function-bind 99ms (cache revalidated)
703 silly packumentCache full:https://registry.npmjs.org/function-bind set size:15733 disposed:false
704 silly fetch manifest math-intrinsics@^1.1.0
705 silly packumentCache full:https://registry.npmjs.org/math-intrinsics cache-miss
706 http fetch GET 200 https://registry.npmjs.org/call-bind-apply-helpers 106ms (cache revalidated)
707 silly packumentCache full:https://registry.npmjs.org/call-bind-apply-helpers set size:12744 disposed:false
708 silly packumentCache full:https://registry.npmjs.org/call-bind-apply-helpers dispose
709 http fetch GET 200 https://registry.npmjs.org/gopd 102ms (cache revalidated)
710 silly packumentCache full:https://registry.npmjs.org/gopd set size:11458 disposed:false
711 http fetch GET 200 https://registry.npmjs.org/get-proto 114ms (cache revalidated)
712 silly packumentCache full:https://registry.npmjs.org/get-proto set size:8300 disposed:false
713 http fetch GET 200 https://registry.npmjs.org/es-define-property 118ms (cache revalidated)
714 silly packumentCache full:https://registry.npmjs.org/es-define-property set size:8542 disposed:false
715 http fetch GET 200 https://registry.npmjs.org/hasown 76ms (cache revalidated)
716 silly packumentCache full:https://registry.npmjs.org/hasown set size:12476 disposed:false
717 http fetch GET 200 https://registry.npmjs.org/math-intrinsics 75ms (cache revalidated)
718 silly packumentCache full:https://registry.npmjs.org/math-intrinsics set size:9265 disposed:false
719 http fetch GET 200 https://registry.npmjs.org/has-symbols 103ms (cache revalidated)
720 silly packumentCache full:https://registry.npmjs.org/has-symbols set size:21550 disposed:false
721 silly placeDep ROOT call-bind-apply-helpers@1.0.2 OK for: call-bound@1.0.4 want: ^1.0.2
722 silly placeDep ROOT function-bind@1.1.2 OK for: call-bind-apply-helpers@1.0.2 want: ^1.1.2
723 silly placeDep ROOT es-define-property@1.0.1 OK for: get-intrinsic@1.3.0 want: ^1.0.1
724 silly placeDep ROOT es-object-atoms@1.1.1 OK for: get-intrinsic@1.3.0 want: ^1.1.1
725 silly placeDep ROOT get-proto@1.0.1 OK for: get-intrinsic@1.3.0 want: ^1.0.1
726 silly placeDep ROOT gopd@1.2.0 OK for: get-intrinsic@1.3.0 want: ^1.2.0
727 silly placeDep ROOT has-symbols@1.1.0 OK for: get-intrinsic@1.3.0 want: ^1.1.0
728 silly placeDep ROOT hasown@2.0.2 OK for: get-intrinsic@1.3.0 want: ^2.0.2
729 silly placeDep ROOT math-intrinsics@1.1.0 OK for: get-intrinsic@1.3.0 want: ^1.1.0
730 silly fetch manifest dunder-proto@^1.0.1
731 silly packumentCache full:https://registry.npmjs.org/dunder-proto cache-miss
732 http fetch GET 200 https://registry.npmjs.org/dunder-proto 75ms (cache revalidated)
733 silly packumentCache full:https://registry.npmjs.org/dunder-proto set size:8256 disposed:false
734 silly placeDep ROOT dunder-proto@1.0.1 OK for: get-proto@1.0.1 want: ^1.0.1
735 silly placeDep ROOT memory-pager@1.5.0 OK for: sparse-bitfield@3.0.3 want: ^1.0.2
736 silly placeDep ROOT has-flag@3.0.0 OK for: supports-color@5.5.0 want: ^3.0.0
737 silly placeDep ROOT is-number@7.0.0 OK for: to-regex-range@5.0.1 want: ^7.0.0
738 silly placeDep ROOT media-typer@0.3.0 OK for: type-is@1.6.18 want: 0.3.0
739 silly placeDep ROOT tr46@5.1.1 OK for: whatwg-url@14.2.0 want: ^5.1.0
740 silly placeDep ROOT webidl-conversions@7.0.0 OK for: whatwg-url@14.2.0 want: ^7.0.0
741 silly fetch manifest punycode@^2.3.1
742 silly packumentCache full:https://registry.npmjs.org/punycode cache-miss
743 http fetch GET 200 https://registry.npmjs.org/punycode 102ms (cache revalidated)
744 silly packumentCache full:https://registry.npmjs.org/punycode set size:61302 disposed:false
745 silly placeDep ROOT punycode@2.3.1 OK for: tr46@5.1.1 want: ^2.3.1
746 silly placeDep node_modules/mquery ms@2.1.3 OK for: debug@4.4.1 want: ^2.1.3
747 silly placeDep node_modules/nodemon ms@2.1.3 OK for: debug@4.4.1 want: ^2.1.3
748 silly reify moves {}
749 silly audit bulk request {
749 silly audit   bcryptjs: [ '2.4.3' ],
749 silly audit   cors: [ '2.8.5' ],
749 silly audit   dotenv: [ '16.6.1' ],
749 silly audit   express: [ '4.21.2' ],
749 silly audit   jsonwebtoken: [ '9.0.2' ],
749 silly audit   mongoose: [ '8.16.1' ],
749 silly audit   nodemon: [ '3.1.10' ],
749 silly audit   'object-assign': [ '4.1.1' ],
749 silly audit   vary: [ '1.1.2' ],
749 silly audit   accepts: [ '1.3.8' ],
749 silly audit   'array-flatten': [ '1.1.1' ],
749 silly audit   'body-parser': [ '1.20.3' ],
749 silly audit   'content-disposition': [ '0.5.4' ],
749 silly audit   'content-type': [ '1.0.5' ],
749 silly audit   cookie: [ '0.7.1' ],
749 silly audit   'cookie-signature': [ '1.0.6' ],
749 silly audit   debug: [ '2.6.9', '4.4.1' ],
749 silly audit   depd: [ '2.0.0' ],
749 silly audit   encodeurl: [ '2.0.0', '1.0.2' ],
749 silly audit   'escape-html': [ '1.0.3' ],
749 silly audit   etag: [ '1.8.1' ],
749 silly audit   finalhandler: [ '1.3.1' ],
749 silly audit   fresh: [ '0.5.2' ],
749 silly audit   'http-errors': [ '2.0.0' ],
749 silly audit   'merge-descriptors': [ '1.0.3' ],
749 silly audit   methods: [ '1.1.2' ],
749 silly audit   'on-finished': [ '2.4.1' ],
749 silly audit   parseurl: [ '1.3.3' ],
749 silly audit   'path-to-regexp': [ '0.1.12' ],
749 silly audit   'proxy-addr': [ '2.0.7' ],
749 silly audit   qs: [ '6.13.0' ],
749 silly audit   'range-parser': [ '1.2.1' ],
749 silly audit   'safe-buffer': [ '5.2.1' ],
749 silly audit   send: [ '0.19.0' ],
749 silly audit   'serve-static': [ '1.16.2' ],
749 silly audit   setprototypeof: [ '1.2.0' ],
749 silly audit   statuses: [ '2.0.1' ],
749 silly audit   'type-is': [ '1.6.18' ],
749 silly audit   'utils-merge': [ '1.0.1' ],
749 silly audit   'mime-types': [ '2.1.35' ],
749 silly audit   negotiator: [ '0.6.3' ],
749 silly audit   bytes: [ '3.1.2' ],
749 silly audit   destroy: [ '1.2.0' ],
749 silly audit   'iconv-lite': [ '0.4.24' ],
749 silly audit   'raw-body': [ '2.5.2' ],
749 silly audit   unpipe: [ '1.0.0' ],
749 silly audit   ms: [ '2.0.0', '2.1.3' ],
749 silly audit   inherits: [ '2.0.4' ],
749 silly audit   toidentifier: [ '1.0.1' ],
749 silly audit   'safer-buffer': [ '2.1.2' ],
749 silly audit   jws: [ '3.2.2' ],
749 silly audit   'lodash.includes': [ '4.3.0' ],
749 silly audit   'lodash.isboolean': [ '3.0.3' ],
749 silly audit   'lodash.isinteger': [ '4.0.4' ],
749 silly audit   'lodash.isnumber': [ '3.0.3' ],
749 silly audit   'lodash.isplainobject': [ '4.0.6' ],
749 silly audit   'lodash.isstring': [ '4.0.1' ],
749 silly audit   'lodash.once': [ '4.1.1' ],
749 silly audit   semver: [ '7.7.2' ],
749 silly audit   jwa: [ '1.4.2' ],
749 silly audit   'buffer-equal-constant-time': [ '1.0.1' ],
749 silly audit   'ecdsa-sig-formatter': [ '1.0.11' ],
749 silly audit   'mime-db': [ '1.52.0' ],
749 silly audit   bson: [ '6.10.4' ],
749 silly audit   kareem: [ '2.6.3' ],
749 silly audit   mongodb: [ '6.17.0' ],
749 silly audit   mpath: [ '0.9.0' ],
749 silly audit   mquery: [ '5.0.0' ],
749 silly audit   sift: [ '17.1.3' ],
749 silly audit   '@mongodb-js/saslprep': [ '1.3.0' ],
749 silly audit   'mongodb-connection-string-url': [ '3.0.2' ],
749 silly audit   'sparse-bitfield': [ '3.0.3' ],
749 silly audit   '@types/whatwg-url': [ '11.0.5' ],
749 silly audit   'whatwg-url': [ '14.2.0' ],
749 silly audit   '@types/webidl-conversions': [ '7.0.3' ],
749 silly audit   chokidar: [ '3.6.0' ],
749 silly audit   'ignore-by-default': [ '1.0.1' ],
749 silly audit   minimatch: [ '3.1.2' ],
749 silly audit   'pstree.remy': [ '1.1.8' ],
749 silly audit   'simple-update-notifier': [ '2.0.0' ],
749 silly audit   'supports-color': [ '5.5.0' ],
749 silly audit   touch: [ '3.1.1' ],
749 silly audit   undefsafe: [ '2.0.5' ],
749 silly audit   anymatch: [ '3.1.3' ],
749 silly audit   braces: [ '3.0.3' ],
749 silly audit   fsevents: [ '2.3.3' ],
749 silly audit   'glob-parent': [ '5.1.2' ],
749 silly audit   'is-binary-path': [ '2.1.0' ],
749 silly audit   'is-glob': [ '4.0.3' ],
749 silly audit   'normalize-path': [ '3.0.0' ],
749 silly audit   readdirp: [ '3.6.0' ],
749 silly audit   picomatch: [ '2.3.1' ],
749 silly audit   'fill-range': [ '7.1.1' ],
749 silly audit   'to-regex-range': [ '5.0.1' ],
749 silly audit   'binary-extensions': [ '2.3.0' ],
749 silly audit   'is-extglob': [ '2.1.1' ],
749 silly audit   'brace-expansion': [ '1.1.12' ],
749 silly audit   'balanced-match': [ '1.0.2' ],
749 silly audit   'concat-map': [ '0.0.1' ],
749 silly audit   'ee-first': [ '1.1.1' ],
749 silly audit   forwarded: [ '0.2.0' ],
749 silly audit   'ipaddr.js': [ '1.9.1' ],
749 silly audit   'side-channel': [ '1.1.0' ],
749 silly audit   mime: [ '1.6.0' ],
749 silly audit   'es-errors': [ '1.3.0' ],
749 silly audit   'object-inspect': [ '1.13.4' ],
749 silly audit   'side-channel-list': [ '1.0.0' ],
749 silly audit   'side-channel-map': [ '1.0.1' ],
749 silly audit   'side-channel-weakmap': [ '1.0.2' ],
749 silly audit   'call-bound': [ '1.0.4' ],
749 silly audit   'get-intrinsic': [ '1.3.0' ],
749 silly audit   'call-bind-apply-helpers': [ '1.0.2' ],
749 silly audit   'function-bind': [ '1.1.2' ],
749 silly audit   'es-define-property': [ '1.0.1' ],
749 silly audit   'es-object-atoms': [ '1.1.1' ],
749 silly audit   'get-proto': [ '1.0.1' ],
749 silly audit   gopd: [ '1.2.0' ],
749 silly audit   'has-symbols': [ '1.1.0' ],
749 silly audit   hasown: [ '2.0.2' ],
749 silly audit   'math-intrinsics': [ '1.1.0' ],
749 silly audit   'dunder-proto': [ '1.0.1' ],
749 silly audit   'memory-pager': [ '1.5.0' ],
749 silly audit   'has-flag': [ '3.0.0' ],
749 silly audit   'is-number': [ '7.0.0' ],
749 silly audit   'media-typer': [ '0.3.0' ],
749 silly audit   tr46: [ '5.1.1' ],
749 silly audit   'webidl-conversions': [ '7.0.0' ],
749 silly audit   punycode: [ '2.3.1' ]
749 silly audit }
750 verbose reify failed optional dependency /data/data/com.termux/files/home/AigroQuantumSaaS-EduTech-IA/backend/node_modules/fsevents
751 silly reify mark deleted [
751 silly reify   '/data/data/com.termux/files/home/AigroQuantumSaaS-EduTech-IA/backend/node_modules/fsevents'
751 silly reify ]
752 http cache punycode@https://registry.npmjs.org/punycode/-/punycode-2.3.1.tgz 0ms (cache hit)
753 http cache tr46@https://registry.npmjs.org/tr46/-/tr46-5.1.1.tgz 0ms (cache hit)
754 http cache media-typer@https://registry.npmjs.org/media-typer/-/media-typer-0.3.0.tgz 0ms (cache hit)
755 http cache webidl-conversions@https://registry.npmjs.org/webidl-conversions/-/webidl-conversions-7.0.0.tgz 0ms (cache hit)
756 http cache is-number@https://registry.npmjs.org/is-number/-/is-number-7.0.0.tgz 0ms (cache hit)
757 http cache memory-pager@https://registry.npmjs.org/memory-pager/-/memory-pager-1.5.0.tgz 0ms (cache hit)
758 http cache has-flag@https://registry.npmjs.org/has-flag/-/has-flag-3.0.0.tgz 0ms (cache hit)
759 http cache dunder-proto@https://registry.npmjs.org/dunder-proto/-/dunder-proto-1.0.1.tgz 0ms (cache hit)
760 http cache math-intrinsics@https://registry.npmjs.org/math-intrinsics/-/math-intrinsics-1.1.0.tgz 1ms (cache hit)
761 http cache has-symbols@https://registry.npmjs.org/has-symbols/-/has-symbols-1.1.0.tgz 0ms (cache hit)
762 http cache gopd@https://registry.npmjs.org/gopd/-/gopd-1.2.0.tgz 0ms (cache hit)
763 http cache get-proto@https://registry.npmjs.org/get-proto/-/get-proto-1.0.1.tgz 0ms (cache hit)
764 http cache es-object-atoms@https://registry.npmjs.org/es-object-atoms/-/es-object-atoms-1.1.1.tgz 0ms (cache hit)
765 http cache es-define-property@https://registry.npmjs.org/es-define-property/-/es-define-property-1.0.1.tgz 0ms (cache hit)
766 http cache function-bind@https://registry.npmjs.org/function-bind/-/function-bind-1.1.2.tgz 0ms (cache hit)
767 http cache call-bind-apply-helpers@https://registry.npmjs.org/call-bind-apply-helpers/-/call-bind-apply-helpers-1.0.2.tgz 0ms (cache hit)
768 http cache call-bound@https://registry.npmjs.org/call-bound/-/call-bound-1.0.4.tgz 0ms (cache hit)
769 http cache get-intrinsic@https://registry.npmjs.org/get-intrinsic/-/get-intrinsic-1.3.0.tgz 0ms (cache hit)
770 http cache side-channel-weakmap@https://registry.npmjs.org/side-channel-weakmap/-/side-channel-weakmap-1.0.2.tgz 0ms (cache hit)
771 http cache side-channel-map@https://registry.npmjs.org/side-channel-map/-/side-channel-map-1.0.1.tgz 0ms (cache hit)
772 http cache side-channel-list@https://registry.npmjs.org/side-channel-list/-/side-channel-list-1.0.0.tgz 0ms (cache hit)
773 http cache hasown@https://registry.npmjs.org/hasown/-/hasown-2.0.2.tgz 0ms (cache hit)
774 http cache object-inspect@https://registry.npmjs.org/object-inspect/-/object-inspect-1.13.4.tgz 0ms (cache hit)
775 http cache mime@https://registry.npmjs.org/mime/-/mime-1.6.0.tgz 0ms (cache hit)
776 http cache side-channel@https://registry.npmjs.org/side-channel/-/side-channel-1.1.0.tgz 0ms (cache hit)
777 http cache ipaddr.js@https://registry.npmjs.org/ipaddr.js/-/ipaddr.js-1.9.1.tgz 0ms (cache hit)
778 http cache forwarded@https://registry.npmjs.org/forwarded/-/forwarded-0.2.0.tgz 0ms (cache hit)
779 http cache concat-map@https://registry.npmjs.org/concat-map/-/concat-map-0.0.1.tgz 0ms (cache hit)
780 http cache ee-first@https://registry.npmjs.org/ee-first/-/ee-first-1.1.1.tgz 0ms (cache hit)
781 http cache balanced-match@https://registry.npmjs.org/balanced-match/-/balanced-match-1.0.2.tgz 0ms (cache hit)
782 http cache brace-expansion@https://registry.npmjs.org/brace-expansion/-/brace-expansion-1.1.12.tgz 0ms (cache hit)
783 http cache is-extglob@https://registry.npmjs.org/is-extglob/-/is-extglob-2.1.1.tgz 0ms (cache hit)
784 http cache binary-extensions@https://registry.npmjs.org/binary-extensions/-/binary-extensions-2.3.0.tgz 0ms (cache hit)
785 http cache to-regex-range@https://registry.npmjs.org/to-regex-range/-/to-regex-range-5.0.1.tgz 0ms (cache hit)
786 http cache picomatch@https://registry.npmjs.org/picomatch/-/picomatch-2.3.1.tgz 0ms (cache hit)
787 http cache fill-range@https://registry.npmjs.org/fill-range/-/fill-range-7.1.1.tgz 0ms (cache hit)
788 http cache readdirp@https://registry.npmjs.org/readdirp/-/readdirp-3.6.0.tgz 0ms (cache hit)
789 http cache normalize-path@https://registry.npmjs.org/normalize-path/-/normalize-path-3.0.0.tgz 0ms (cache hit)
790 http cache es-errors@https://registry.npmjs.org/es-errors/-/es-errors-1.3.0.tgz 0ms (cache hit)
791 http cache is-glob@https://registry.npmjs.org/is-glob/-/is-glob-4.0.3.tgz 0ms (cache hit)
792 http cache is-binary-path@https://registry.npmjs.org/is-binary-path/-/is-binary-path-2.1.0.tgz 0ms (cache hit)
793 http cache anymatch@https://registry.npmjs.org/anymatch/-/anymatch-3.1.3.tgz 0ms (cache hit)
794 http cache braces@https://registry.npmjs.org/braces/-/braces-3.0.3.tgz 0ms (cache hit)
795 http cache touch@https://registry.npmjs.org/touch/-/touch-3.1.1.tgz 0ms (cache hit)
796 http cache undefsafe@https://registry.npmjs.org/undefsafe/-/undefsafe-2.0.5.tgz 0ms (cache hit)
797 http cache pstree.remy@https://registry.npmjs.org/pstree.remy/-/pstree.remy-1.1.8.tgz 0ms (cache hit)
798 http cache supports-color@https://registry.npmjs.org/supports-color/-/supports-color-5.5.0.tgz 0ms (cache hit)
799 http cache simple-update-notifier@https://registry.npmjs.org/simple-update-notifier/-/simple-update-notifier-2.0.0.tgz 0ms (cache hit)
800 http cache minimatch@https://registry.npmjs.org/minimatch/-/minimatch-3.1.2.tgz 0ms (cache hit)
801 http cache ignore-by-default@https://registry.npmjs.org/ignore-by-default/-/ignore-by-default-1.0.1.tgz 0ms (cache hit)
802 http cache @types/webidl-conversions@https://registry.npmjs.org/@types/webidl-conversions/-/webidl-conversions-7.0.3.tgz 0ms (cache hit)
803 http cache chokidar@https://registry.npmjs.org/chokidar/-/chokidar-3.6.0.tgz 0ms (cache hit)
804 http cache whatwg-url@https://registry.npmjs.org/whatwg-url/-/whatwg-url-14.2.0.tgz 0ms (cache hit)
805 http cache glob-parent@https://registry.npmjs.org/glob-parent/-/glob-parent-5.1.2.tgz 0ms (cache hit)
806 http cache sparse-bitfield@https://registry.npmjs.org/sparse-bitfield/-/sparse-bitfield-3.0.3.tgz 0ms (cache hit)
807 http cache @mongodb-js/saslprep@https://registry.npmjs.org/@mongodb-js/saslprep/-/saslprep-1.3.0.tgz 0ms (cache hit)
808 http cache mongodb-connection-string-url@https://registry.npmjs.org/mongodb-connection-string-url/-/mongodb-connection-string-url-3.0.2.tgz 1ms (cache hit)
809 http cache sift@https://registry.npmjs.org/sift/-/sift-17.1.3.tgz 0ms (cache hit)
810 http cache mpath@https://registry.npmjs.org/mpath/-/mpath-0.9.0.tgz 0ms (cache hit)
811 http cache mongodb@https://registry.npmjs.org/mongodb/-/mongodb-6.17.0.tgz 0ms (cache hit)
812 http cache mquery@https://registry.npmjs.org/mquery/-/mquery-5.0.0.tgz 0ms (cache hit)
813 http cache kareem@https://registry.npmjs.org/kareem/-/kareem-2.6.3.tgz 0ms (cache hit)
814 http cache bson@https://registry.npmjs.org/bson/-/bson-6.10.4.tgz 0ms (cache hit)
815 http cache buffer-equal-constant-time@https://registry.npmjs.org/buffer-equal-constant-time/-/buffer-equal-constant-time-1.0.1.tgz 0ms (cache hit)
816 http cache mime-db@https://registry.npmjs.org/mime-db/-/mime-db-1.52.0.tgz 0ms (cache hit)
817 http cache ecdsa-sig-formatter@https://registry.npmjs.org/ecdsa-sig-formatter/-/ecdsa-sig-formatter-1.0.11.tgz 0ms (cache hit)
818 http cache semver@https://registry.npmjs.org/semver/-/semver-7.7.2.tgz 0ms (cache hit)
819 http cache @types/whatwg-url@https://registry.npmjs.org/@types/whatwg-url/-/whatwg-url-11.0.5.tgz 0ms (cache hit)
820 http cache jwa@https://registry.npmjs.org/jwa/-/jwa-1.4.2.tgz 0ms (cache hit)
821 http cache lodash.once@https://registry.npmjs.org/lodash.once/-/lodash.once-4.1.1.tgz 0ms (cache hit)
822 http cache lodash.isplainobject@https://registry.npmjs.org/lodash.isplainobject/-/lodash.isplainobject-4.0.6.tgz 0ms (cache hit)
823 http cache lodash.isnumber@https://registry.npmjs.org/lodash.isnumber/-/lodash.isnumber-3.0.3.tgz 0ms (cache hit)
824 http cache lodash.isinteger@https://registry.npmjs.org/lodash.isinteger/-/lodash.isinteger-4.0.4.tgz 0ms (cache hit)
825 http cache lodash.isboolean@https://registry.npmjs.org/lodash.isboolean/-/lodash.isboolean-3.0.3.tgz 0ms (cache hit)
826 http cache lodash.includes@https://registry.npmjs.org/lodash.includes/-/lodash.includes-4.3.0.tgz 0ms (cache hit)
827 http cache safer-buffer@https://registry.npmjs.org/safer-buffer/-/safer-buffer-2.1.2.tgz 0ms (cache hit)
828 http cache jws@https://registry.npmjs.org/jws/-/jws-3.2.2.tgz 0ms (cache hit)
829 http cache toidentifier@https://registry.npmjs.org/toidentifier/-/toidentifier-1.0.1.tgz 0ms (cache hit)
830 http cache inherits@https://registry.npmjs.org/inherits/-/inherits-2.0.4.tgz 0ms (cache hit)
831 http cache ms@https://registry.npmjs.org/ms/-/ms-2.0.0.tgz 0ms (cache hit)
832 http cache raw-body@https://registry.npmjs.org/raw-body/-/raw-body-2.5.2.tgz 0ms (cache hit)
833 http cache lodash.isstring@https://registry.npmjs.org/lodash.isstring/-/lodash.isstring-4.0.1.tgz 0ms (cache hit)
834 http cache iconv-lite@https://registry.npmjs.org/iconv-lite/-/iconv-lite-0.4.24.tgz 0ms (cache hit)
835 http cache unpipe@https://registry.npmjs.org/unpipe/-/unpipe-1.0.0.tgz 0ms (cache hit)
836 http cache bytes@https://registry.npmjs.org/bytes/-/bytes-3.1.2.tgz 0ms (cache hit)
837 http cache negotiator@https://registry.npmjs.org/negotiator/-/negotiator-0.6.3.tgz 0ms (cache hit)
838 http cache utils-merge@https://registry.npmjs.org/utils-merge/-/utils-merge-1.0.1.tgz 0ms (cache hit)
839 http cache type-is@https://registry.npmjs.org/type-is/-/type-is-1.6.18.tgz 0ms (cache hit)
840 http cache mime-types@https://registry.npmjs.org/mime-types/-/mime-types-2.1.35.tgz 0ms (cache hit)
841 http cache statuses@https://registry.npmjs.org/statuses/-/statuses-2.0.1.tgz 0ms (cache hit)
842 http cache setprototypeof@https://registry.npmjs.org/setprototypeof/-/setprototypeof-1.2.0.tgz 0ms (cache hit)
843 http cache send@https://registry.npmjs.org/send/-/send-0.19.0.tgz 0ms (cache hit)
844 http cache serve-static@https://registry.npmjs.org/serve-static/-/serve-static-1.16.2.tgz 0ms (cache hit)
845 http cache safe-buffer@https://registry.npmjs.org/safe-buffer/-/safe-buffer-5.2.1.tgz 0ms (cache hit)
846 http cache range-parser@https://registry.npmjs.org/range-parser/-/range-parser-1.2.1.tgz 0ms (cache hit)
847 http cache proxy-addr@https://registry.npmjs.org/proxy-addr/-/proxy-addr-2.0.7.tgz 0ms (cache hit)
848 http cache qs@https://registry.npmjs.org/qs/-/qs-6.13.0.tgz 0ms (cache hit)
849 http cache destroy@https://registry.npmjs.org/destroy/-/destroy-1.2.0.tgz 0ms (cache hit)
850 http cache parseurl@https://registry.npmjs.org/parseurl/-/parseurl-1.3.3.tgz 0ms (cache hit)
851 http cache on-finished@https://registry.npmjs.org/on-finished/-/on-finished-2.4.1.tgz 0ms (cache hit)
852 http cache methods@https://registry.npmjs.org/methods/-/methods-1.1.2.tgz 0ms (cache hit)
853 http cache fresh@https://registry.npmjs.org/fresh/-/fresh-0.5.2.tgz 0ms (cache hit)
854 http cache merge-descriptors@https://registry.npmjs.org/merge-descriptors/-/merge-descriptors-1.0.3.tgz 0ms (cache hit)
855 http cache http-errors@https://registry.npmjs.org/http-errors/-/http-errors-2.0.0.tgz 0ms (cache hit)
856 http cache finalhandler@https://registry.npmjs.org/finalhandler/-/finalhandler-1.3.1.tgz 0ms (cache hit)
857 http cache etag@https://registry.npmjs.org/etag/-/etag-1.8.1.tgz 0ms (cache hit)
858 http cache escape-html@https://registry.npmjs.org/escape-html/-/escape-html-1.0.3.tgz 0ms (cache hit)
859 http cache encodeurl@https://registry.npmjs.org/encodeurl/-/encodeurl-2.0.0.tgz 0ms (cache hit)
860 http cache depd@https://registry.npmjs.org/depd/-/depd-2.0.0.tgz 0ms (cache hit)
861 http cache debug@https://registry.npmjs.org/debug/-/debug-2.6.9.tgz 0ms (cache hit)
862 http cache cookie-signature@https://registry.npmjs.org/cookie-signature/-/cookie-signature-1.0.6.tgz 0ms (cache hit)
863 http cache path-to-regexp@https://registry.npmjs.org/path-to-regexp/-/path-to-regexp-0.1.12.tgz 0ms (cache hit)
864 http cache cookie@https://registry.npmjs.org/cookie/-/cookie-0.7.1.tgz 0ms (cache hit)
865 http cache content-type@https://registry.npmjs.org/content-type/-/content-type-1.0.5.tgz 0ms (cache hit)
866 http cache body-parser@https://registry.npmjs.org/body-parser/-/body-parser-1.20.3.tgz 0ms (cache hit)
867 http cache accepts@https://registry.npmjs.org/accepts/-/accepts-1.3.8.tgz 0ms (cache hit)
868 http cache vary@https://registry.npmjs.org/vary/-/vary-1.1.2.tgz 0ms (cache hit)
869 http cache array-flatten@https://registry.npmjs.org/array-flatten/-/array-flatten-1.1.1.tgz 0ms (cache hit)
870 http cache object-assign@https://registry.npmjs.org/object-assign/-/object-assign-4.1.1.tgz 0ms (cache hit)
871 http cache nodemon@https://registry.npmjs.org/nodemon/-/nodemon-3.1.10.tgz 0ms (cache hit)
872 http cache mongoose@https://registry.npmjs.org/mongoose/-/mongoose-8.16.1.tgz 0ms (cache hit)
873 http cache dotenv@https://registry.npmjs.org/dotenv/-/dotenv-16.6.1.tgz 0ms (cache hit)
874 http cache jsonwebtoken@https://registry.npmjs.org/jsonwebtoken/-/jsonwebtoken-9.0.2.tgz 0ms (cache hit)
875 http cache cors@https://registry.npmjs.org/cors/-/cors-2.8.5.tgz 0ms (cache hit)
876 http cache express@https://registry.npmjs.org/express/-/express-4.21.2.tgz 0ms (cache hit)
877 http cache content-disposition@https://registry.npmjs.org/content-disposition/-/content-disposition-0.5.4.tgz 0ms (cache hit)
878 http cache bcryptjs@https://registry.npmjs.org/bcryptjs/-/bcryptjs-2.4.3.tgz 0ms (cache hit)
879 http cache debug@https://registry.npmjs.org/debug/-/debug-4.4.1.tgz 0ms (cache hit)
880 http cache ms@https://registry.npmjs.org/ms/-/ms-2.1.3.tgz 0ms (cache hit)
881 http cache encodeurl@https://registry.npmjs.org/encodeurl/-/encodeurl-1.0.2.tgz 0ms (cache hit)
882 http cache ms@https://registry.npmjs.org/ms/-/ms-2.1.3.tgz 0ms (cache hit)
883 http cache debug@https://registry.npmjs.org/debug/-/debug-4.4.1.tgz 0ms (cache hit)
884 http cache ms@https://registry.npmjs.org/ms/-/ms-2.1.3.tgz 0ms (cache hit)
885 http cache ms@https://registry.npmjs.org/ms/-/ms-2.1.3.tgz 0ms (cache hit)
886 http cache ms@https://registry.npmjs.org/ms/-/ms-2.1.3.tgz 0ms (cache hit)
887 silly tarball no local data for tr46@https://registry.npmjs.org/tr46/-/tr46-5.1.1.tgz. Extracting by manifest.
888 silly tarball no local data for has-flag@https://registry.npmjs.org/has-flag/-/has-flag-3.0.0.tgz. Extracting by manifest.
889 silly tarball no local data for concat-map@https://registry.npmjs.org/concat-map/-/concat-map-0.0.1.tgz. Extracting by manifest.
890 silly tarball no local data for brace-expansion@https://registry.npmjs.org/brace-expansion/-/brace-expansion-1.1.12.tgz. Extracting by manifest.
891 silly tarball no local data for is-extglob@https://registry.npmjs.org/is-extglob/-/is-extglob-2.1.1.tgz. Extracting by manifest.
892 silly tarball no local data for binary-extensions@https://registry.npmjs.org/binary-extensions/-/binary-extensions-2.3.0.tgz. Extracting by manifest.
893 silly tarball no local data for readdirp@https://registry.npmjs.org/readdirp/-/readdirp-3.6.0.tgz. Extracting by manifest.
894 silly tarball no local data for normalize-path@https://registry.npmjs.org/normalize-path/-/normalize-path-3.0.0.tgz. Extracting by manifest.
895 silly tarball no local data for is-glob@https://registry.npmjs.org/is-glob/-/is-glob-4.0.3.tgz. Extracting by manifest.
896 silly tarball no local data for anymatch@https://registry.npmjs.org/anymatch/-/anymatch-3.1.3.tgz. Extracting by manifest.
897 silly tarball no local data for is-binary-path@https://registry.npmjs.org/is-binary-path/-/is-binary-path-2.1.0.tgz. Extracting by manifest.
898 silly tarball no local data for undefsafe@https://registry.npmjs.org/undefsafe/-/undefsafe-2.0.5.tgz. Extracting by manifest.
899 silly tarball no local data for touch@https://registry.npmjs.org/touch/-/touch-3.1.1.tgz. Extracting by manifest.
900 silly tarball no local data for pstree.remy@https://registry.npmjs.org/pstree.remy/-/pstree.remy-1.1.8.tgz. Extracting by manifest.
901 silly tarball no local data for supports-color@https://registry.npmjs.org/supports-color/-/supports-color-5.5.0.tgz. Extracting by manifest.
902 silly tarball no local data for simple-update-notifier@https://registry.npmjs.org/simple-update-notifier/-/simple-update-notifier-2.0.0.tgz. Extracting by manifest.
903 silly tarball no local data for ignore-by-default@https://registry.npmjs.org/ignore-by-default/-/ignore-by-default-1.0.1.tgz. Extracting by manifest.
904 silly tarball no local data for minimatch@https://registry.npmjs.org/minimatch/-/minimatch-3.1.2.tgz. Extracting by manifest.
905 silly tarball no local data for chokidar@https://registry.npmjs.org/chokidar/-/chokidar-3.6.0.tgz. Extracting by manifest.
906 silly tarball no local data for whatwg-url@https://registry.npmjs.org/whatwg-url/-/whatwg-url-14.2.0.tgz. Extracting by manifest.
907 silly tarball no local data for glob-parent@https://registry.npmjs.org/glob-parent/-/glob-parent-5.1.2.tgz. Extracting by manifest.
908 silly tarball no local data for mongodb-connection-string-url@https://registry.npmjs.org/mongodb-connection-string-url/-/mongodb-connection-string-url-3.0.2.tgz. Extracting by manifest.
909 silly tarball no local data for sift@https://registry.npmjs.org/sift/-/sift-17.1.3.tgz. Extracting by manifest.
910 silly tarball no local data for mongodb@https://registry.npmjs.org/mongodb/-/mongodb-6.17.0.tgz. Extracting by manifest.
911 silly tarball no local data for kareem@https://registry.npmjs.org/kareem/-/kareem-2.6.3.tgz. Extracting by manifest.
912 silly tarball no local data for bson@https://registry.npmjs.org/bson/-/bson-6.10.4.tgz. Extracting by manifest.
913 silly tarball no local data for @types/whatwg-url@https://registry.npmjs.org/@types/whatwg-url/-/whatwg-url-11.0.5.tgz. Extracting by manifest.
914 silly tarball no local data for nodemon@https://registry.npmjs.org/nodemon/-/nodemon-3.1.10.tgz. Extracting by manifest.
915 silly tarball no local data for mongoose@https://registry.npmjs.org/mongoose/-/mongoose-8.16.1.tgz. Extracting by manifest.
916 silly tarball no local data for bcryptjs@https://registry.npmjs.org/bcryptjs/-/bcryptjs-2.4.3.tgz. Extracting by manifest.
917 http fetch POST 200 https://registry.npmjs.org/-/npm/v1/security/advisories/bulk 598ms
918 silly audit report {}
919 http fetch GET 200 https://registry.npmjs.org/has-flag/-/has-flag-3.0.0.tgz 889ms (cache miss)
920 http fetch GET 200 https://registry.npmjs.org/is-extglob/-/is-extglob-2.1.1.tgz 884ms (cache miss)
921 http fetch GET 200 https://registry.npmjs.org/binary-extensions/-/binary-extensions-2.3.0.tgz 926ms (cache miss)
922 http fetch GET 200 https://registry.npmjs.org/concat-map/-/concat-map-0.0.1.tgz 930ms (cache miss)
923 http fetch GET 200 https://registry.npmjs.org/minimatch/-/minimatch-3.1.2.tgz 929ms (cache miss)
924 http fetch GET 200 https://registry.npmjs.org/supports-color/-/supports-color-5.5.0.tgz 933ms (cache miss)
925 http fetch GET 200 https://registry.npmjs.org/brace-expansion/-/brace-expansion-1.1.12.tgz 945ms (cache miss)
926 http fetch GET 200 https://registry.npmjs.org/ignore-by-default/-/ignore-by-default-1.0.1.tgz 944ms (cache miss)
927 http fetch GET 200 https://registry.npmjs.org/mongodb-connection-string-url/-/mongodb-connection-string-url-3.0.2.tgz 954ms (cache miss)
928 http fetch GET 200 https://registry.npmjs.org/glob-parent/-/glob-parent-5.1.2.tgz 969ms (cache miss)
929 http fetch GET 200 https://registry.npmjs.org/kareem/-/kareem-2.6.3.tgz 994ms (cache miss)
930 http fetch GET 200 https://registry.npmjs.org/is-binary-path/-/is-binary-path-2.1.0.tgz 1012ms (cache miss)
931 http fetch GET 200 https://registry.npmjs.org/anymatch/-/anymatch-3.1.3.tgz 1022ms (cache miss)
932 http fetch GET 200 https://registry.npmjs.org/touch/-/touch-3.1.1.tgz 1020ms (cache miss)
933 http fetch GET 200 https://registry.npmjs.org/normalize-path/-/normalize-path-3.0.0.tgz 1026ms (cache miss)
934 http fetch GET 200 https://registry.npmjs.org/is-glob/-/is-glob-4.0.3.tgz 1026ms (cache miss)
935 http fetch GET 200 https://registry.npmjs.org/@types/whatwg-url/-/whatwg-url-11.0.5.tgz 1014ms (cache miss)
936 http fetch GET 200 https://registry.npmjs.org/undefsafe/-/undefsafe-2.0.5.tgz 1041ms (cache miss)
937 http fetch GET 200 https://registry.npmjs.org/readdirp/-/readdirp-3.6.0.tgz 1057ms (cache miss)
938 http fetch GET 200 https://registry.npmjs.org/simple-update-notifier/-/simple-update-notifier-2.0.0.tgz 1070ms (cache miss)
939 http fetch GET 200 https://registry.npmjs.org/chokidar/-/chokidar-3.6.0.tgz 1080ms (cache miss)
940 http fetch GET 200 https://registry.npmjs.org/pstree.remy/-/pstree.remy-1.1.8.tgz 1088ms (cache miss)
941 http fetch GET 200 https://registry.npmjs.org/whatwg-url/-/whatwg-url-14.2.0.tgz 1084ms (cache miss)
942 http fetch GET 200 https://registry.npmjs.org/tr46/-/tr46-5.1.1.tgz 1136ms (cache miss)
943 http fetch GET 200 https://registry.npmjs.org/sift/-/sift-17.1.3.tgz 1265ms (cache miss)
944 http fetch GET 200 https://registry.npmjs.org/bcryptjs/-/bcryptjs-2.4.3.tgz 1266ms (cache miss)
945 http fetch GET 200 https://registry.npmjs.org/nodemon/-/nodemon-3.1.10.tgz 1283ms (cache miss)
946 http fetch GET 200 https://registry.npmjs.org/bson/-/bson-6.10.4.tgz 1514ms (cache miss)
947 http fetch GET 200 https://registry.npmjs.org/mongoose/-/mongoose-8.16.1.tgz 1861ms (cache miss)
948 http fetch GET 200 https://registry.npmjs.org/mongodb/-/mongodb-6.17.0.tgz 1959ms (cache miss)
949 silly ADD node_modules/punycode
950 silly ADD node_modules/webidl-conversions
951 silly ADD node_modules/tr46
952 silly ADD node_modules/media-typer
953 silly ADD node_modules/is-number
954 silly ADD node_modules/has-flag
955 silly ADD node_modules/memory-pager
956 silly ADD node_modules/dunder-proto
957 silly ADD node_modules/math-intrinsics
958 silly ADD node_modules/hasown
959 silly ADD node_modules/has-symbols
960 silly ADD node_modules/gopd
961 silly ADD node_modules/get-proto
962 silly ADD node_modules/es-object-atoms
963 silly ADD node_modules/es-define-property
964 silly ADD node_modules/function-bind
965 silly ADD node_modules/call-bind-apply-helpers
966 silly ADD node_modules/get-intrinsic
967 silly ADD node_modules/call-bound
968 silly ADD node_modules/side-channel-weakmap
969 silly ADD node_modules/side-channel-map
970 silly ADD node_modules/side-channel-list
971 silly ADD node_modules/object-inspect
972 silly ADD node_modules/es-errors
973 silly ADD node_modules/mime
974 silly ADD node_modules/side-channel
975 silly ADD node_modules/ipaddr.js
976 silly ADD node_modules/forwarded
977 silly ADD node_modules/ee-first
978 silly ADD node_modules/concat-map
979 silly ADD node_modules/balanced-match
980 silly ADD node_modules/brace-expansion
981 silly ADD node_modules/is-extglob
982 silly ADD node_modules/binary-extensions
983 silly ADD node_modules/to-regex-range
984 silly ADD node_modules/fill-range
985 silly ADD node_modules/picomatch
986 silly ADD node_modules/readdirp
987 silly ADD node_modules/normalize-path
988 silly ADD node_modules/is-glob
989 silly ADD node_modules/is-binary-path
990 silly ADD node_modules/glob-parent
991 silly ADD
992 silly ADD node_modules/braces
993 silly ADD node_modules/anymatch
994 silly ADD node_modules/undefsafe
995 silly ADD node_modules/touch
996 silly ADD node_modules/supports-color
997 silly ADD node_modules/simple-update-notifier
998 silly ADD node_modules/pstree.remy
999 silly ADD node_modules/minimatch
1000 silly ADD node_modules/ignore-by-default
1001 silly ADD node_modules/chokidar
1002 silly ADD node_modules/@types/webidl-conversions
1003 silly ADD node_modules/whatwg-url
1004 silly ADD node_modules/@types/whatwg-url
1005 silly ADD node_modules/sparse-bitfield
1006 silly ADD node_modules/mongodb-connection-string-url
1007 silly ADD node_modules/@mongodb-js/saslprep
1008 silly ADD node_modules/sift
1009 silly ADD node_modules/mquery
1010 silly ADD node_modules/mquery/node_modules/ms
1011 silly ADD node_modules/mquery/node_modules/debug
1012 silly ADD node_modules/mpath
1013 silly ADD node_modules/mongodb
1014 silly ADD node_modules/kareem
1015 silly ADD node_modules/bson
1016 silly ADD node_modules/mime-db
1017 silly ADD node_modules/ecdsa-sig-formatter
1018 silly ADD node_modules/buffer-equal-constant-time
1019 silly ADD node_modules/jwa
1020 silly ADD node_modules/semver
1021 silly ADD node_modules/lodash.once
1022 silly ADD node_modules/lodash.isstring
1023 silly ADD node_modules/lodash.isplainobject
1024 silly ADD node_modules/lodash.isnumber
1025 silly ADD node_modules/lodash.isinteger
1026 silly ADD node_modules/lodash.isboolean
1027 silly ADD node_modules/lodash.includes
1028 silly ADD node_modules/jws
1029 silly ADD node_modules/safer-buffer
1030 silly ADD node_modules/toidentifier
1031 silly ADD node_modules/inherits
1032 silly ADD node_modules/ms
1033 silly ADD node_modules/unpipe
1034 silly ADD node_modules/raw-body
1035 silly ADD node_modules/iconv-lite
1036 silly ADD node_modules/destroy
1037 silly ADD node_modules/bytes
1038 silly ADD node_modules/negotiator
1039 silly ADD node_modules/mime-types
1040 silly ADD node_modules/utils-merge
1041 silly ADD node_modules/type-is
1042 silly ADD node_modules/statuses
1043 silly ADD node_modules/setprototypeof
1044 silly ADD node_modules/serve-static
1045 silly ADD node_modules/send
1046 silly ADD node_modules/send/node_modules/ms
1047 silly ADD node_modules/send/node_modules/encodeurl
1048 silly ADD node_modules/safe-buffer
1049 silly ADD node_modules/range-parser
1050 silly ADD node_modules/qs
1051 silly ADD node_modules/proxy-addr
1052 silly ADD node_modules/path-to-regexp
1053 silly ADD node_modules/parseurl
1054 silly ADD node_modules/on-finished
1055 silly ADD node_modules/methods
1056 silly ADD node_modules/merge-descriptors
1057 silly ADD node_modules/http-errors
1058 silly ADD node_modules/fresh
1059 silly ADD node_modules/finalhandler
1060 silly ADD node_modules/etag
1061 silly ADD node_modules/escape-html
1062 silly ADD node_modules/encodeurl
1063 silly ADD node_modules/depd
1064 silly ADD node_modules/debug
1065 silly ADD node_modules/cookie-signature
1066 silly ADD node_modules/cookie
1067 silly ADD node_modules/content-type
1068 silly ADD node_modules/content-disposition
1069 silly ADD node_modules/body-parser
1070 silly ADD node_modules/array-flatten
1071 silly ADD node_modules/accepts
1072 silly ADD node_modules/vary
1073 silly ADD node_modules/object-assign
1074 silly ADD node_modules/nodemon
1075 silly ADD node_modules/nodemon/node_modules/ms
1076 silly ADD node_modules/nodemon/node_modules/debug
1077 silly ADD node_modules/mongoose
1078 silly ADD node_modules/mongoose/node_modules/ms
1079 silly ADD node_modules/jsonwebtoken
1080 silly ADD node_modules/jsonwebtoken/node_modules/ms
1081 silly ADD node_modules/express
1082 silly ADD node_modules/dotenv
1083 silly ADD node_modules/cors
1084 silly ADD node_modules/bcryptjs
1085 verbose cwd /data/data/com.termux/files/home/AigroQuantumSaaS-EduTech-IA/backend
1086 verbose os Linux 5.15.153-android13-3-29703599
1087 verbose node v22.15.1
1088 verbose npm  v10.9.2
1089 verbose exit 0
1090 info ok
